Component: ARM Compiler 5.06 update 4 (build 422) Tool: armlink [4d35d2]

==============================================================================

Section Cross References

    startup_stm32f030x8.o(RESET) refers to startup_stm32f030x8.o(STACK) for __initial_sp
    startup_stm32f030x8.o(RESET) refers to startup_stm32f030x8.o(.text) for Reset_Handler
    startup_stm32f030x8.o(RESET) refers to stm32f0xx_it.o(i.NMI_Handler) for NMI_Handler
    startup_stm32f030x8.o(RESET) refers to stm32f0xx_it.o(i.HardFault_Handler) for HardFault_Handler
    startup_stm32f030x8.o(RESET) refers to port.o(i.SVC_Handler) for SVC_Handler
    startup_stm32f030x8.o(RESET) refers to port.o(.emb_text) for PendSV_Handler
    startup_stm32f030x8.o(RESET) refers to stm32f0xx_it.o(i.SysTick_Handler) for SysTick_Handler
    startup_stm32f030x8.o(RESET) refers to stm32f0xx_it.o(i.TIM6_IRQHandler) for TIM6_IRQHandler
    startup_stm32f030x8.o(.text) refers to system_stm32f0xx.o(i.SystemInit) for SystemInit
    startup_stm32f030x8.o(.text) refers to entry.o(.ARM.Collect$$$$00000000) for __main
    main.o(i.HAL_TIM_PeriodElapsedCallback) refers to stm32f0xx_hal.o(i.HAL_IncTick) for HAL_IncTick
    main.o(i.MX_GPIO_Init) refers to stm32f0xx_hal_gpio.o(i.HAL_GPIO_WritePin) for HAL_GPIO_WritePin
    main.o(i.MX_GPIO_Init) refers to stm32f0xx_hal_gpio.o(i.HAL_GPIO_Init) for HAL_GPIO_Init
    main.o(i.MX_I2C1_Init) refers to stm32f0xx_hal_i2c.o(i.HAL_I2C_Init) for HAL_I2C_Init
    main.o(i.MX_I2C1_Init) refers to main.o(i._Error_Handler) for _Error_Handler
    main.o(i.MX_I2C1_Init) refers to stm32f0xx_hal_i2c_ex.o(i.HAL_I2CEx_ConfigAnalogFilter) for HAL_I2CEx_ConfigAnalogFilter
    main.o(i.MX_I2C1_Init) refers to stm32f0xx_hal_i2c_ex.o(i.HAL_I2CEx_ConfigDigitalFilter) for HAL_I2CEx_ConfigDigitalFilter
    main.o(i.MX_I2C1_Init) refers to main.o(.bss) for hi2c1
    main.o(i.MX_I2C2_Init) refers to stm32f0xx_hal_i2c.o(i.HAL_I2C_Init) for HAL_I2C_Init
    main.o(i.MX_I2C2_Init) refers to main.o(i._Error_Handler) for _Error_Handler
    main.o(i.MX_I2C2_Init) refers to stm32f0xx_hal_i2c_ex.o(i.HAL_I2CEx_ConfigAnalogFilter) for HAL_I2CEx_ConfigAnalogFilter
    main.o(i.MX_I2C2_Init) refers to stm32f0xx_hal_i2c_ex.o(i.HAL_I2CEx_ConfigDigitalFilter) for HAL_I2CEx_ConfigDigitalFilter
    main.o(i.MX_I2C2_Init) refers to main.o(.bss) for hi2c2
    main.o(i.StartDefaultTask) refers to ssd1306.o(i.ssd1306_Init) for ssd1306_Init
    main.o(i.StartDefaultTask) refers to cmsis_os.o(i.osDelay) for osDelay
    main.o(i.StartDefaultTask) refers to stm32f0xx_hal_gpio.o(i.HAL_GPIO_ReadPin) for HAL_GPIO_ReadPin
    main.o(i.StartDefaultTask) refers to ssd1306.o(i.ssd1306_Fill) for ssd1306_Fill
    main.o(i.StartDefaultTask) refers to ssd1306.o(i.ssd1306_SetCursor) for ssd1306_SetCursor
    main.o(i.StartDefaultTask) refers to printfa.o(i.__0sprintf) for __2sprintf
    main.o(i.StartDefaultTask) refers to ssd1306.o(i.ssd1306_WriteString) for ssd1306_WriteString
    main.o(i.StartDefaultTask) refers to ssd1306.o(i.ssd1306_UpdateScreen) for ssd1306_UpdateScreen
    main.o(i.StartDefaultTask) refers to dadd.o(.text) for __aeabi_dadd
    main.o(i.StartDefaultTask) refers to dht11.o(i.dht11_read_data) for dht11_read_data
    main.o(i.StartDefaultTask) refers to dfltui.o(.text) for __aeabi_ui2d
    main.o(i.StartDefaultTask) refers to ddiv.o(.text) for __aeabi_ddiv
    main.o(i.StartDefaultTask) refers to cdrcmple.o(.text) for __aeabi_cdrcmple
    main.o(i.StartDefaultTask) refers to stm32f0xx_hal_gpio.o(i.HAL_GPIO_WritePin) for HAL_GPIO_WritePin
    main.o(i.StartDefaultTask) refers to bmp180_support.o(i.bmp180_data_readout_template) for bmp180_data_readout_template
    main.o(i.StartDefaultTask) refers to main.o(.data) for warning_temp
    main.o(i.StartDefaultTask) refers to main.o(.bss) for disp_buffer
    main.o(i.StartDefaultTask) refers to fonts.o(.data) for Font_11x18
    main.o(i.SystemClock_Config) refers to stm32f0xx_hal_rcc.o(i.HAL_RCC_OscConfig) for HAL_RCC_OscConfig
    main.o(i.SystemClock_Config) refers to main.o(i._Error_Handler) for _Error_Handler
    main.o(i.SystemClock_Config) refers to stm32f0xx_hal_rcc.o(i.HAL_RCC_ClockConfig) for HAL_RCC_ClockConfig
    main.o(i.SystemClock_Config) refers to stm32f0xx_hal_rcc_ex.o(i.HAL_RCCEx_PeriphCLKConfig) for HAL_RCCEx_PeriphCLKConfig
    main.o(i.SystemClock_Config) refers to stm32f0xx_hal_rcc.o(i.HAL_RCC_GetHCLKFreq) for HAL_RCC_GetHCLKFreq
    main.o(i.SystemClock_Config) refers to uidiv.o(.text) for __aeabi_uidivmod
    main.o(i.SystemClock_Config) refers to stm32f0xx_hal_cortex.o(i.HAL_SYSTICK_Config) for HAL_SYSTICK_Config
    main.o(i.SystemClock_Config) refers to stm32f0xx_hal_cortex.o(i.HAL_SYSTICK_CLKSourceConfig) for HAL_SYSTICK_CLKSourceConfig
    main.o(i.SystemClock_Config) refers to stm32f0xx_hal_cortex.o(i.HAL_NVIC_SetPriority) for HAL_NVIC_SetPriority
    main.o(i.main) refers to stm32f0xx_hal.o(i.HAL_Init) for HAL_Init
[...]
    Removing queue.o(i.prvUnlockQueue), (142 bytes).
    Removing queue.o(i.uxQueueMessagesWaiting), (28 bytes).
    Removing queue.o(i.uxQueueMessagesWaitingFromISR), (16 bytes).
    Removing queue.o(i.uxQueueSpacesAvailable), (34 bytes).
    Removing queue.o(i.vQueueAddToRegistry), (44 bytes).
    Removing queue.o(i.vQueueDelete), (30 bytes).
    Removing queue.o(i.vQueueUnregisterQueue), (52 bytes).
    Removing queue.o(i.xQueueCreateMutex), (30 bytes).
    Removing queue.o(i.xQueueGenericCreate), (80 bytes).
    Removing queue.o(i.xQueueGenericReceive), (396 bytes).
    Removing queue.o(i.xQueueGenericReset), (130 bytes).
    Removing queue.o(i.xQueueGenericSend), (346 bytes).
    Removing queue.o(i.xQueueGenericSendFromISR), (188 bytes).
    Removing queue.o(i.xQueueGiveFromISR), (170 bytes).
    Removing queue.o(i.xQueueIsQueueEmptyFromISR), (26 bytes).
    Removing queue.o(i.xQueueIsQueueFullFromISR), (28 bytes).
    Removing queue.o(i.xQueuePeekFromISR), (108 bytes).
    Removing queue.o(i.xQueueReceiveFromISR), (158 bytes).
    Removing queue.o(.bss), (64 bytes).
    Removing tasks.o(i.pcTaskGetName), (36 bytes).
    Removing tasks.o(i.prvTaskIsTaskSuspended), (84 bytes).
    Removing tasks.o(i.pvTaskIncrementMutexHeldCount), (32 bytes).
    Removing tasks.o(i.ulTaskNotifyTake), (108 bytes).
    Removing tasks.o(i.uxTaskGetNumberOfTasks), (12 bytes).
    Removing tasks.o(i.uxTaskPriorityGet), (36 bytes).
    Removing tasks.o(i.uxTaskPriorityGetFromISR), (40 bytes).
    Removing tasks.o(i.uxTaskResetEventItemValue), (28 bytes).
    Removing tasks.o(i.vTaskDelete), (180 bytes).
    Removing tasks.o(i.vTaskEndScheduler), (20 bytes).
    Removing tasks.o(i.vTaskMissedYield), (12 bytes).
    Removing tasks.o(i.vTaskNotifyGiveFromISR), (184 bytes).
    Removing tasks.o(i.vTaskPlaceOnEventList), (44 bytes).
    Removing tasks.o(i.vTaskPlaceOnUnorderedEventList), (84 bytes).
    Removing tasks.o(i.vTaskPriorityInherit), (140 bytes).
    Removing tasks.o(i.vTaskPrioritySet), (228 bytes).
    Removing tasks.o(i.vTaskResume), (116 bytes).
    Removing tasks.o(i.vTaskSetTimeOutState), (32 bytes).
    Removing tasks.o(i.vTaskSuspend), (168 bytes).
    Removing tasks.o(i.xTaskCheckForTimeOut), (116 bytes).
    Removing tasks.o(i.xTaskGenericNotify), (212 bytes).
    Removing tasks.o(i.xTaskGenericNotifyFromISR), (264 bytes).
    Removing tasks.o(i.xTaskGetCurrentTaskHandle), (12 bytes).
    Removing tasks.o(i.xTaskGetTickCount), (12 bytes).
    Removing tasks.o(i.xTaskGetTickCountFromISR), (12 bytes).
    Removing tasks.o(i.xTaskNotifyStateClear), (56 bytes).
    Removing tasks.o(i.xTaskNotifyWait), (144 bytes).
    Removing tasks.o(i.xTaskPriorityDisinherit), (136 bytes).
    Removing tasks.o(i.xTaskRemoveFromEventList), (136 bytes).
    Removing tasks.o(i.xTaskRemoveFromUnorderedEventList), (144 bytes).
    Removing tasks.o(i.xTaskResumeFromISR), (136 bytes).
    Removing cmsis_os.o(.rev16_text), (4 bytes).
    Removing cmsis_os.o(.revsh_text), (4 bytes).
    Removing cmsis_os.o(i.inHandlerMode), (18 bytes).
    Removing cmsis_os.o(i.makeCmsisPriority), (18 bytes).
    Removing cmsis_os.o(i.osAbortDelay), (6 bytes).
    Removing cmsis_os.o(i.osDelayUntil), (6 bytes).
    Removing cmsis_os.o(i.osKernelRunning), (18 bytes).
    Removing cmsis_os.o(i.osKernelSysTick), (22 bytes).
    Removing cmsis_os.o(i.osMailAlloc), (24 bytes).
    Removing cmsis_os.o(i.osMailCAlloc), (42 bytes).
    Removing cmsis_os.o(i.osMailCreate), (126 bytes).
    Removing cmsis_os.o(i.osMailFree), (24 bytes).
    Removing cmsis_os.o(i.osMailGet), (160 bytes).
    Removing cmsis_os.o(i.osMailPut), (92 bytes).
    Removing cmsis_os.o(i.osMessageAvailableSpace), (12 bytes).
    Removing cmsis_os.o(i.osMessageCreate), (18 bytes).
    Removing cmsis_os.o(i.osMessageDelete), (26 bytes).
    Removing cmsis_os.o(i.osMessageGet), (164 bytes).
    Removing cmsis_os.o(i.osMessagePeek), (98 bytes).
    Removing cmsis_os.o(i.osMessagePut), (96 bytes).
    Removing cmsis_os.o(i.osMessageWaiting), (28 bytes).
    Removing cmsis_os.o(i.osMutexCreate), (12 bytes).
    Removing cmsis_os.o(i.osMutexDelete), (26 bytes).
    Removing cmsis_os.o(i.osMutexRelease), (76 bytes).
    Removing cmsis_os.o(i.osMutexWait), (112 bytes).
    Removing cmsis_os.o(i.osPoolAlloc), (108 bytes).
    Removing cmsis_os.o(i.osPoolCAlloc), (28 bytes).
    Removing cmsis_os.o(i.osPoolCreate), (114 bytes).
    Removing cmsis_os.o(i.osPoolFree), (82 bytes).
    Removing cmsis_os.o(i.osRecursiveMutexCreate), (6 bytes).
    Removing cmsis_os.o(i.osRecursiveMutexRelease), (6 bytes).
    Removing cmsis_os.o(i.osRecursiveMutexWait), (6 bytes).
    Removing cmsis_os.o(i.osSemaphoreCreate), (46 bytes).
    Removing cmsis_os.o(i.osSemaphoreDelete), (26 bytes).
    Removing cmsis_os.o(i.osSemaphoreGetCount), (12 bytes).
    Removing cmsis_os.o(i.osSemaphoreRelease), (76 bytes).
    Removing cmsis_os.o(i.osSemaphoreWait), (112 bytes).
    Removing cmsis_os.o(i.osSignalSet), (92 bytes).
    Removing cmsis_os.o(i.osSignalWait), (108 bytes).
    Removing cmsis_os.o(i.osThreadGetId), (8 bytes).
    Removing cmsis_os.o(i.osThreadGetPriority), (40 bytes).
    Removing cmsis_os.o(i.osThreadList), (6 bytes).
    Removing cmsis_os.o(i.osThreadResume), (44 bytes).
    Removing cmsis_os.o(i.osThreadResumeAll), (18 bytes).
    Removing cmsis_os.o(i.osThreadSetPriority), (26 bytes).
    Removing cmsis_os.o(i.osThreadSuspend), (14 bytes).
    Removing cmsis_os.o(i.osThreadSuspendAll), (10 bytes).
    Removing cmsis_os.o(i.osThreadTerminate), (14 bytes).
    Removing cmsis_os.o(i.osThreadYield), (10 bytes).
    Removing cmsis_os.o(i.osTimerCreate), (6 bytes).
    Removing cmsis_os.o(i.osTimerDelete), (8 bytes).
    Removing cmsis_os.o(i.osTimerStart), (8 bytes).
    Removing cmsis_os.o(i.osTimerStop), (8 bytes).
    Removing stm32f0xx_hal_tim.o(i.__ARM_common_switch8), (28 bytes).

470 unused section(s) (total 39530 bytes) removed from the image.

==============================================================================

Image Symbol Table

    Local Symbols

    Symbol Name                              Value     Ov Type        Size  Object(Section)

    ..//Src/system_stm32f0xx.c               0x00000000   Number         0  system_stm32f0xx.o ABSOLUTE
    ../Drivers/STM32F0xx_HAL_Driver/Src/stm32f0xx_hal.c 0x00000000   Number         0  stm32f0xx_hal.o ABSOLUTE
    ../Drivers/STM32F0xx_HAL_Driver/Src/stm32f0xx_hal_cortex.c 0x00000000   Number         0  stm32f0xx_hal_cortex.o ABSOLUTE
    ../Drivers/STM32F0xx_HAL_Driver/Src/stm32f0xx_hal_dma.c 0x00000000   Number         0  stm32f0xx_hal_dma.o ABSOLUTE
    ../Drivers/STM32F0xx_HAL_Driver/Src/stm32f0xx_hal_flash.c 0x00000000   Number         0  stm32f0xx_hal_flash.o ABSOLUTE
    ../Drivers/STM32F0xx_HAL_Driver/Src/stm32f0xx_hal_flash_ex.c 0x00000000   Number         0  stm32f0xx_hal_flash_ex.o ABSOLUTE
    ../Drivers/STM32F0xx_HAL_Driver/Src/stm32f0xx_hal_gpio.c 0x00000000   Number         0  stm32f0xx_hal_gpio.o ABSOLUTE
    ../Drivers/STM32F0xx_HAL_Driver/Src/stm32f0xx_hal_i2c.c 0x00000000   Number         0  stm32f0xx_hal_i2c.o ABSOLUTE
    ../Drivers/STM32F0xx_HAL_Driver/Src/stm32f0xx_hal_i2c_ex.c 0x00000000   Number         0  stm32f0xx_hal_i2c_ex.o ABSOLUTE
    ../Drivers/STM32F0xx_HAL_Driver/Src/stm32f0xx_hal_pwr.c 0x00000000   Number         0  stm32f0xx_hal_pwr.o ABSOLUTE
    ../Drivers/STM32F0xx_HAL_Driver/Src/stm32f0xx_hal_pwr_ex.c 0x00000000   Number         0  stm32f0xx_hal_pwr_ex.o ABSOLUTE
    ../Drivers/STM32F0xx_HAL_Driver/Src/stm32f0xx_hal_rcc.c 0x00000000   Number         0  stm32f0xx_hal_rcc.o ABSOLUTE
    ../Drivers/STM32F0xx_HAL_Driver/Src/stm32f0xx_hal_rcc_ex.c 0x00000000   Number         0  stm32f0xx_hal_rcc_ex.o ABSOLUTE
    ../Drivers/STM32F0xx_HAL_Driver/Src/stm32f0xx_hal_tim.c 0x00000000   Number         0  stm32f0xx_hal_tim.o ABSOLUTE
    ../Drivers/STM32F0xx_HAL_Driver/Src/stm32f0xx_hal_tim_ex.c 0x00000000   Number         0  stm32f0xx_hal_tim_ex.o ABSOLUTE
    ../Middlewares/Third_Party/FreeRTOS/Source/CMSIS_RTOS/cmsis_os.c 0x00000000   Number         0  cmsis_os.o ABSOLUTE
    ../Middlewares/Third_Party/FreeRTOS/Source/croutine.c 0x00000000   Number         0  croutine.o ABSOLUTE
    ../Middlewares/Third_Party/FreeRTOS/Source/event_groups.c 0x00000000   Number         0  event_groups.o ABSOLUTE
    ../Middlewares/Third_Party/FreeRTOS/Source/list.c 0x00000000   Number         0  list.o ABSOLUTE
    ../Middlewares/Third_Party/FreeRTOS/Source/portable/MemMang/heap_4.c 0x00000000   Number         0  heap_4.o ABSOLUTE
    ../Middlewares/Third_Party/FreeRTOS/Source/portable/RVDS/ARM_CM0/port.c 0x00000000   Number         0  port.o ABSOLUTE
    ../Middlewares/Third_Party/FreeRTOS/Source/queue.c 0x00000000   Number         0  queue.o ABSOLUTE
    ../Middlewares/Third_Party/FreeRTOS/Source/tasks.c 0x00000000   Number         0  tasks.o ABSOLUTE
    ../Middlewares/Third_Party/FreeRTOS/Source/timers.c 0x00000000   Number         0  timers.o ABSOLUTE
    ../Src/freertos.c                        0x00000000   Number         0  freertos.o ABSOLUTE
    ../Src/main.c                            0x00000000   Number         0  main.o ABSOLUTE
    ../Src/stm32f0xx_hal_msp.c               0x00000000   Number         0  stm32f0xx_hal_msp.o ABSOLUTE
    ../Src/stm32f0xx_hal_timebase_TIM.c      0x00000000   Number         0  stm32f0xx_hal_timebase_tim.o ABSOLUTE
    ../Src/stm32f0xx_it.c                    0x00000000   Number         0  stm32f0xx_it.o ABSOLUTE
    ../clib/microlib/division.c              0x00000000   Number         0  uldiv.o ABSOLUTE
    ../clib/microlib/division.c              0x00000000   Number         0  uidiv.o ABSOLUTE
    ../clib/microlib/division.c              0x00000000   Number         0  idiv.o ABSOLUTE
    ../clib/microlib/init/entry.s            0x00000000   Number         0  entry10b.o ABSOLUTE
    ../clib/microlib/init/entry.s            0x00000000   Number         0  entry9a.o ABSOLUTE
    ../clib/microlib/init/entry.s            0x00000000   Number         0  entry9b.o ABSOLUTE
    ../clib/microlib/init/entry.s            0x00000000   Number         0  entry11b.o ABSOLUTE
    ../clib/microlib/init/entry.s            0x00000000   Number         0  entry.o ABSOLUTE
    ../clib/microlib/init/entry.s            0x00000000   Number         0  entry10a.o ABSOLUTE
    ../clib/microlib/init/entry.s            0x00000000   Number         0  entry11a.o ABSOLUTE
    ../clib/microlib/init/entry.s            0x00000000   Number         0  entry7a.o ABSOLUTE
    ../clib/microlib/init/entry.s            0x00000000   Number         0  entry2.o ABSOLUTE
    ../clib/microlib/init/entry.s            0x00000000   Number         0  entry5.o ABSOLUTE
    ../clib/microlib/init/entry.s            0x00000000   Number         0  entry7b.o ABSOLUTE
    ../clib/microlib/init/entry.s            0x00000000   Number         0  entry8a.o ABSOLUTE
    ../clib/microlib/init/entry.s            0x00000000   Number         0  entry8b.o ABSOLUTE
    ../clib/microlib/longlong.c              0x00000000   Number         0  llushr.o ABSOLUTE
    ../clib/microlib/longlong.c              0x00000000   Number         0  llshl.o ABSOLUTE
    ../clib/microlib/longlong.c              0x00000000   Number         0  llsshr.o ABSOLUTE
    ../clib/microlib/printf/printf.c         0x00000000   Number         0  printf2.o ABSOLUTE
    ../clib/microlib/printf/printf.c         0x00000000   Number         0  printf3.o ABSOLUTE
    ../clib/microlib/printf/printf.c         0x00000000   Number         0  printf4.o ABSOLUTE
    ../clib/microlib/printf/printf.c         0x00000000   Number         0  printfb.o ABSOLUTE
    ../clib/microlib/printf/printf.c         0x00000000   Number         0  printf6.o ABSOLUTE
    ../clib/microlib/printf/printf.c         0x00000000   Number         0  printf7.o ABSOLUTE
    ../clib/microlib/printf/printf.c         0x00000000   Number         0  printf8.o ABSOLUTE
    ../clib/microlib/printf/printf.c         0x00000000   Number         0  printfa.o ABSOLUTE
    ../clib/microlib/printf/printf.c         0x00000000   Number         0  printf0.o ABSOLUTE
    ../clib/microlib/printf/printf.c         0x00000000   Number         0  printf1.o ABSOLUTE
    ../clib/microlib/printf/printf.c         0x00000000   Number         0  printf5.o ABSOLUTE
    ../clib/microlib/printf/stubs.s          0x00000000   Number         0  stubs.o ABSOLUTE
    ../clib/microlib/stdio/fputc.c           0x00000000   Number         0  fputc.o ABSOLUTE
    ../clib/microlib/stdio/semi.s            0x00000000   Number         0  semi.o ABSOLUTE
    ../clib/microlib/stdio/streams.c         0x00000000   Number         0  stdout.o ABSOLUTE
    ../clib/microlib/string/memcpy.c         0x00000000   Number         0  memcpya.o ABSOLUTE
    ../clib/microlib/string/memcpy.c         0x00000000   Number         0  memcpyb.o ABSOLUTE
    ../clib/microlib/string/memset.c         0x00000000   Number         0  memseta.o ABSOLUTE
    ../clib/microlib/stubs.s                 0x00000000   Number         0  iusesemip.o ABSOLUTE
    ../clib/microlib/stubs.s                 0x00000000   Number         0  iusefp.o ABSOLUTE
    ../fplib/microlib/fpadd.c                0x00000000   Number         0  dadd.o ABSOLUTE
    ../fplib/microlib/fpdiv.c                0x00000000   Number         0  ddiv.o ABSOLUTE
    ../fplib/microlib/fpepilogue.c           0x00000000   Number         0  depilogue.o ABSOLUTE
    ../fplib/microlib/fpfix.c                0x00000000   Number         0  dfixul.o ABSOLUTE
    ../fplib/microlib/fpflt.c                0x00000000   Number         0  dfltui.o ABSOLUTE
    ../fplib/microlib/fpmul.c                0x00000000   Number         0  dmul.o ABSOLUTE
    ..\Drivers\STM32F0xx_HAL_Driver\Src\stm32f0xx_hal.c 0x00000000   Number         0  stm32f0xx_hal.o ABSOLUTE
    ..\Drivers\STM32F0xx_HAL_Driver\Src\stm32f0xx_hal_cortex.c 0x00000000   Number         0  stm32f0xx_hal_cortex.o ABSOLUTE
    ..\Drivers\STM32F0xx_HAL_Driver\Src\stm32f0xx_hal_dma.c 0x00000000   Number         0  stm32f0xx_hal_dma.o ABSOLUTE
    ..\Drivers\STM32F0xx_HAL_Driver\Src\stm32f0xx_hal_flash.c 0x00000000   Number         0  stm32f0xx_hal_flash.o ABSOLUTE
    ..\Drivers\STM32F0xx_HAL_Driver\Src\stm32f0xx_hal_flash_ex.c 0x00000000   Number         0  stm32f0xx_hal_flash_ex.o ABSOLUTE
    ..\Drivers\STM32F0xx_HAL_Driver\Src\stm32f0xx_hal_gpio.c 0x00000000   Number         0  stm32f0xx_hal_gpio.o ABSOLUTE
    ..\Drivers\STM32F0xx_HAL_Driver\Src\stm32f0xx_hal_i2c.c 0x00000000   Number         0  stm32f0xx_hal_i2c.o ABSOLUTE
    ..\Drivers\STM32F0xx_HAL_Driver\Src\stm32f0xx_hal_i2c_ex.c 0x00000000   Number         0  stm32f0xx_hal_i2c_ex.o ABSOLUTE
    ..\Drivers\STM32F0xx_HAL_Driver\Src\stm32f0xx_hal_pwr.c 0x00000000   Number         0  stm32f0xx_hal_pwr.o ABSOLUTE
    ..\Drivers\STM32F0xx_HAL_Driver\Src\stm32f0xx_hal_pwr_ex.c 0x00000000   Number         0  stm32f0xx_hal_pwr_ex.o ABSOLUTE
    ..\Drivers\STM32F0xx_HAL_Driver\Src\stm32f0xx_hal_rcc.c 0x00000000   Number         0  stm32f0xx_hal_rcc.o ABSOLUTE
    ..\Drivers\STM32F0xx_HAL_Driver\Src\stm32f0xx_hal_rcc_ex.c 0x00000000   Number         0  stm32f0xx_hal_rcc_ex.o ABSOLUTE
    ..\Drivers\STM32F0xx_HAL_Driver\Src\stm32f0xx_hal_tim.c 0x00000000   Number         0  stm32f0xx_hal_tim.o ABSOLUTE
    ..\Drivers\STM32F0xx_HAL_Driver\Src\stm32f0xx_hal_tim_ex.c 0x00000000   Number         0  stm32f0xx_hal_tim_ex.o ABSOLUTE
    ..\Drivers\User\bmp180.c                 0x00000000   Number         0  bmp180.o ABSOLUTE
    ..\Drivers\User\bmp180_support.c         0x00000000   Number         0  bmp180_support.o ABSOLUTE
    ..\Drivers\User\dht11.c                  0x00000000   Number         0  dht11.o ABSOLUTE
    ..\Drivers\User\fonts.c                  0x00000000   Number         0  fonts.o ABSOLUTE
    ..\Drivers\User\ssd1306.c                0x00000000   Number         0  ssd1306.o ABSOLUTE
    ..\Middlewares\Third_Party\FreeRTOS\Source\CMSIS_RTOS\cmsis_os.c 0x00000000   Number         0  cmsis_os.o ABSOLUTE
    ..\Middlewares\Third_Party\FreeRTOS\Source\portable\RVDS\ARM_CM0\port.c 0x00000000   Number         0  port.o ABSOLUTE
    ..\Src\main.c                            0x00000000   Number         0  main.o ABSOLUTE
    ..\Src\stm32f0xx_hal_msp.c               0x00000000   Number         0  stm32f0xx_hal_msp.o ABSOLUTE
    ..\Src\stm32f0xx_hal_timebase_TIM.c      0x00000000   Number         0  stm32f0xx_hal_timebase_tim.o ABSOLUTE
    ..\Src\stm32f0xx_it.c                    0x00000000   Number         0  stm32f0xx_it.o ABSOLUTE
    ..\\Drivers\\User\\bmp180_support.c      0x00000000   Number         0  bmp180_support.o ABSOLUTE
    ..\\Drivers\\User\\dht11.c               0x00000000   Number         0  dht11.o ABSOLUTE
    ..\\Drivers\\User\\fonts.c               0x00000000   Number         0  fonts.o ABSOLUTE
    ..\\Drivers\\User\\ssd1306.c             0x00000000   Number         0  ssd1306.o ABSOLUTE
    ..\\Src\system_stm32f0xx.c               0x00000000   Number         0  system_stm32f0xx.o ABSOLUTE
    cdrcmple.s                               0x00000000   Number         0  cdrcmple.o ABSOLUTE
    dc.s                                     0x00000000   Number         0  dc.o ABSOLUTE
    handlers.s                               0x00000000   Number         0  handlers.o ABSOLUTE
    init.s                                   0x00000000   Number         0  init.o ABSOLUTE
    startup_stm32f030x8.s                    0x00000000   Number         0  startup_stm32f030x8.o ABSOLUTE
    RESET                                    0x08000000   Section      180  startup_stm32f030x8.o(RESET)
    .ARM.Collect$$$$00000000                 0x080000b4   Section        0  entry.o(.ARM.Collect$$$$00000000)
    .ARM.Collect$$$$00000001                 0x080000b4   Section        4  entry2.o(.ARM.Collect$$$$00000001)
    .ARM.Collect$$$$00000004                 0x080000b8   Section        4  entry5.o(.ARM.Collect$$$$00000004)
    .ARM.Collect$$$$00000008                 0x080000bc   Section        0  entry7b.o(.ARM.Collect$$$$00000008)
    .ARM.Collect$$$$0000000A                 0x080000bc   Section        0  entry8b.o(.ARM.Collect$$$$0000000A)
    .ARM.Collect$$$$0000000B                 0x080000bc   Section        8  entry9a.o(.ARM.Collect$$$$0000000B)
    .ARM.Collect$$$$0000000D                 0x080000c4   Section        0  entry10a.o(.ARM.Collect$$$$0000000D)
    .ARM.Collect$$$$0000000F                 0x080000c4   Section        0  entry11a.o(.ARM.Collect$$$$0000000F)
    .ARM.Collect$$$$00002712                 0x080000c4   Section        4  entry2.o(.ARM.Collect$$$$00002712)
    __lit__00000000                          0x080000c4   Data           4  entry2.o(.ARM.Collect$$$$00002712)
    .emb_text                                0x080000c8   Section      120  port.o(.emb_text)
    .text                                    0x08000140   Section       28  startup_stm32f030x8.o(.text)
    .text                                    0x0800015c   Section        0  uidiv.o(.text)
    .text                                    0x08000188   Section        0  idiv.o(.text)
    .text                                    0x080001b0   Section        0  llushr.o(.text)
    .text                                    0x080001d2   Section        0  memcpya.o(.text)
    .text                                    0x080001f6   Section        0  memseta.o(.text)
    .text                                    0x0800021c   Section        0  dadd.o(.text)
    .text                                    0x08000380   Section        0  ddiv.o(.text)
    .text                                    0x08000470   Section        0  dfltui.o(.text)
    .text                                    0x0800048c   Section       40  cdrcmple.o(.text)
    .text                                    0x080004b4   Section        0  uldiv.o(.text)
    .text                                    0x08000514   Section        0  llshl.o(.text)
    .text                                    0x08000534   Section        0  llsshr.o(.text)
    .text                                    0x0800055a   Section        0  iusefp.o(.text)
    .text                                    0x0800055a   Section        0  depilogue.o(.text)
    .text                                    0x08000618   Section        0  dmul.o(.text)
    .text                                    0x080006e8   Section        0  dfixul.o(.text)
    .text                                    0x08000728   Section       36  init.o(.text)
    i.BMP180_I2C_bus_read                    0x0800074c   Section        0  bmp180_support.o(i.BMP180_I2C_bus_read)
    i.BMP180_I2C_bus_write                   0x08000778   Section        0  bmp180_support.o(i.BMP180_I2C_bus_write)
    i.BMP180_delay_msek                      0x080007a4   Section        0  bmp180_support.o(i.BMP180_delay_msek)
    i.HAL_Delay                              0x080007b0   Section        0  stm32f0xx_hal.o(i.HAL_Delay)
    i.HAL_GPIO_Init                          0x080007d0   Section        0  stm32f0xx_hal_gpio.o(i.HAL_GPIO_Init)
    i.HAL_GPIO_ReadPin                       0x080009c0   Section        0  stm32f0xx_hal_gpio.o(i.HAL_GPIO_ReadPin)
    i.HAL_GPIO_WritePin                      0x080009d2   Section        0  stm32f0xx_hal_gpio.o(i.HAL_GPIO_WritePin)
    i.HAL_GetTick                            0x080009e0   Section        0  stm32f0xx_hal.o(i.HAL_GetTick)
    i.HAL_I2CEx_ConfigAnalogFilter           0x080009ec   Section        0  stm32f0xx_hal_i2c_ex.o(i.HAL_I2CEx_ConfigAnalogFilter)
    i.HAL_I2CEx_ConfigDigitalFilter          0x08000a5a   Section        0  stm32f0xx_hal_i2c_ex.o(i.HAL_I2CEx_ConfigDigitalFilter)
    i.HAL_I2C_Init                           0x08000acc   Section        0  stm32f0xx_hal_i2c.o(i.HAL_I2C_Init)
    i.HAL_I2C_Mem_Read                       0x08000ba0   Section        0  stm32f0xx_hal_i2c.o(i.HAL_I2C_Mem_Read)
    i.HAL_I2C_Mem_Write                      0x08000d64   Section        0  stm32f0xx_hal_i2c.o(i.HAL_I2C_Mem_Write)
    i.HAL_I2C_MspInit                        0x08000f28   Section        0  stm32f0xx_hal_msp.o(i.HAL_I2C_MspInit)
    i.HAL_IncTick                            0x08000fec   Section        0  stm32f0xx_hal.o(i.HAL_IncTick)
    i.HAL_Init                               0x08000ffc   Section        0  stm32f0xx_hal.o(i.HAL_Init)
    i.HAL_InitTick                           0x0800101c   Section        0  stm32f0xx_hal_timebase_tim.o(i.HAL_InitTick)
    i.HAL_MspInit                            0x080010a8   Section        0  stm32f0xx_hal_msp.o(i.HAL_MspInit)
    i.HAL_NVIC_EnableIRQ                     0x08001108   Section        0  stm32f0xx_hal_cortex.o(i.HAL_NVIC_EnableIRQ)
    i.HAL_NVIC_SetPriority                   0x08001120   Section        0  stm32f0xx_hal_cortex.o(i.HAL_NVIC_SetPriority)
    i.HAL_RCCEx_PeriphCLKConfig              0x08001134   Section        0  stm32f0xx_hal_rcc_ex.o(i.HAL_RCCEx_PeriphCLKConfig)
    i.HAL_RCC_ClockConfig                    0x08001284   Section        0  stm32f0xx_hal_rcc.o(i.HAL_RCC_ClockConfig)
    i.HAL_RCC_GetClockConfig                 0x08001418   Section        0  stm32f0xx_hal_rcc.o(i.HAL_RCC_GetClockConfig)
    i.HAL_RCC_GetHCLKFreq                    0x08001450   Section        0  stm32f0xx_hal_rcc.o(i.HAL_RCC_GetHCLKFreq)
    i.HAL_RCC_GetPCLK1Freq                   0x0800145c   Section        0  stm32f0xx_hal_rcc.o(i.HAL_RCC_GetPCLK1Freq)
    i.HAL_RCC_GetSysClockFreq                0x08001480   Section        0  stm32f0xx_hal_rcc.o(i.HAL_RCC_GetSysClockFreq)
    i.HAL_RCC_OscConfig                      0x08001544   Section        0  stm32f0xx_hal_rcc.o(i.HAL_RCC_OscConfig)
    i.HAL_SYSTICK_CLKSourceConfig            0x08001a90   Section        0  stm32f0xx_hal_cortex.o(i.HAL_SYSTICK_CLKSourceConfig)
    i.HAL_SYSTICK_Config                     0x08001ab4   Section        0  stm32f0xx_hal_cortex.o(i.HAL_SYSTICK_Config)
    i.HAL_TIMEx_BreakCallback                0x08001aec   Section        0  stm32f0xx_hal_tim_ex.o(i.HAL_TIMEx_BreakCallback)
    i.HAL_TIMEx_CommutationCallback          0x08001aee   Section        0  stm32f0xx_hal_tim_ex.o(i.HAL_TIMEx_CommutationCallback)
    i.HAL_TIM_Base_Init                      0x08001af0   Section        0  stm32f0xx_hal_tim.o(i.HAL_TIM_Base_Init)
    i.HAL_TIM_Base_MspInit                   0x08001b28   Section        0  stm32f0xx_hal_tim.o(i.HAL_TIM_Base_MspInit)
    i.HAL_TIM_Base_Start_IT                  0x08001b2a   Section        0  stm32f0xx_hal_tim.o(i.HAL_TIM_Base_Start_IT)
    i.HAL_TIM_IC_CaptureCallback             0x08001b48   Section        0  stm32f0xx_hal_tim.o(i.HAL_TIM_IC_CaptureCallback)
    i.HAL_TIM_IRQHandler                     0x08001b4a   Section        0  stm32f0xx_hal_tim.o(i.HAL_TIM_IRQHandler)
    i.HAL_TIM_OC_DelayElapsedCallback        0x08001d12   Section        0  stm32f0xx_hal_tim.o(i.HAL_TIM_OC_DelayElapsedCallback)
    i.HAL_TIM_PWM_PulseFinishedCallback      0x08001d14   Section        0  stm32f0xx_hal_tim.o(i.HAL_TIM_PWM_PulseFinishedCallback)
    i.HAL_TIM_PeriodElapsedCallback          0x08001d18   Section        0  main.o(i.HAL_TIM_PeriodElapsedCallback)
    i.HAL_TIM_TriggerCallback                0x08001d30   Section        0  stm32f0xx_hal_tim.o(i.HAL_TIM_TriggerCallback)
    i.HardFault_Handler                      0x08001d32   Section        0  stm32f0xx_it.o(i.HardFault_Handler)
    i.I2C_Flush_TXDR                         0x08001d36   Section        0  stm32f0xx_hal_i2c.o(i.I2C_Flush_TXDR)
    I2C_Flush_TXDR                           0x08001d37   Thumb Code    50  stm32f0xx_hal_i2c.o(i.I2C_Flush_TXDR)
    i.I2C_IsAcknowledgeFailed                0x08001d68   Section        0  stm32f0xx_hal_i2c.o(i.I2C_IsAcknowledgeFailed)
    I2C_IsAcknowledgeFailed                  0x08001d69   Thumb Code   144  stm32f0xx_hal_i2c.o(i.I2C_IsAcknowledgeFailed)
    i.I2C_RequestMemoryRead                  0x08001dfc   Section        0  stm32f0xx_hal_i2c.o(i.I2C_RequestMemoryRead)
    I2C_RequestMemoryRead                    0x08001dfd   Thumb Code   146  stm32f0xx_hal_i2c.o(i.I2C_RequestMemoryRead)
    i.I2C_RequestMemoryWrite                 0x08001e8e   Section        0  stm32f0xx_hal_i2c.o(i.I2C_RequestMemoryWrite)
    I2C_RequestMemoryWrite                   0x08001e8f   Thumb Code   146  stm32f0xx_hal_i2c.o(i.I2C_RequestMemoryWrite)
    i.I2C_TransferConfig                     0x08001f20   Section        0  stm32f0xx_hal_i2c.o(i.I2C_TransferConfig)
    I2C_TransferConfig                       0x08001f21   Thumb Code    42  stm32f0xx_hal_i2c.o(i.I2C_TransferConfig)
    i.I2C_WaitOnFlagUntilTimeout             0x08001f50   Section        0  stm32f0xx_hal_i2c.o(i.I2C_WaitOnFlagUntilTimeout)
    I2C_WaitOnFlagUntilTimeout               0x08001f51   Thumb Code    82  stm32f0xx_hal_i2c.o(i.I2C_WaitOnFlagUntilTimeout)
    i.I2C_WaitOnSTOPFlagUntilTimeout         0x08001fa2   Section        0  stm32f0xx_hal_i2c.o(i.I2C_WaitOnSTOPFlagUntilTimeout)
    I2C_WaitOnSTOPFlagUntilTimeout           0x08001fa3   Thumb Code    90  stm32f0xx_hal_i2c.o(i.I2C_WaitOnSTOPFlagUntilTimeout)
    i.I2C_WaitOnTXISFlagUntilTimeout         0x08001ffc   Section        0  stm32f0xx_hal_i2c.o(i.I2C_WaitOnTXISFlagUntilTimeout)
    I2C_WaitOnTXISFlagUntilTimeout           0x08001ffd   Thumb Code    96  stm32f0xx_hal_i2c.o(i.I2C_WaitOnTXISFlagUntilTimeout)
    i.I2C_routine                            0x0800205c   Section        0  bmp180_support.o(i.I2C_routine)
    i.MX_GPIO_Init                           0x08002084   Section        0  main.o(i.MX_GPIO_Init)
    MX_GPIO_Init                             0x08002085   Thumb Code   160  main.o(i.MX_GPIO_Init)
    i.MX_I2C1_Init                           0x0800212c   Section        0  main.o(i.MX_I2C1_Init)
    MX_I2C1_Init                             0x0800212d   Thumb Code    94  main.o(i.MX_I2C1_Init)
    i.MX_I2C2_Init                           0x080021a8   Section        0  main.o(i.MX_I2C2_Init)
    MX_I2C2_Init                             0x080021a9   Thumb Code    98  main.o(i.MX_I2C2_Init)
    i.NMI_Handler                            0x08002228   Section        0  stm32f0xx_it.o(i.NMI_Handler)
    i.NVIC_SetPriority                       0x0800222c   Section        0  stm32f0xx_hal_cortex.o(i.NVIC_SetPriority)
    NVIC_SetPriority                         0x0800222d   Thumb Code   110  stm32f0xx_hal_cortex.o(i.NVIC_SetPriority)
    i.SVC_Handler                            0x080022a4   Section        0  port.o(i.SVC_Handler)
    i.StartDefaultTask                       0x080022a8   Section        0  main.o(i.StartDefaultTask)
    i.SysTick_Handler                        0x08002528   Section        0  stm32f0xx_it.o(i.SysTick_Handler)
    i.SystemClock_Config                     0x08002530   Section        0  main.o(i.SystemClock_Config)
    i.SystemInit                             0x080025d8   Section        0  system_stm32f0xx.o(i.SystemInit)
    i.TIM6_IRQHandler                        0x0800264c   Section        0  stm32f0xx_it.o(i.TIM6_IRQHandler)
    i.TIM_Base_SetConfig                     0x0800265c   Section        0  stm32f0xx_hal_tim.o(i.TIM_Base_SetConfig)
    i._Error_Handler                         0x080026fc   Section        0  main.o(i._Error_Handler)
    i.__0sprintf                             0x08002700   Section        0  printfa.o(i.__0sprintf)
    i.__ARM_clz                              0x08002728   Section        0  depilogue.o(i.__ARM_clz)
    i.__scatterload_copy                     0x08002756   Section       14  handlers.o(i.__scatterload_copy)
    i.__scatterload_null                     0x08002764   Section        2  handlers.o(i.__scatterload_null)
    i.__scatterload_zeroinit                 0x08002766   Section       14  handlers.o(i.__scatterload_zeroinit)
    i._fp_digits                             0x08002774   Section        0  printfa.o(i._fp_digits)
    _fp_digits                               0x08002775   Thumb Code   344  printfa.o(i._fp_digits)
    i._printf_core                           0x080028e8   Section        0  printfa.o(i._printf_core)
    _printf_core                             0x080028e9   Thumb Code  1754  printfa.o(i._printf_core)
    i._printf_post_padding                   0x08002fd4   Section        0  printfa.o(i._printf_post_padding)
    _printf_post_padding                     0x08002fd5   Thumb Code    32  printfa.o(i._printf_post_padding)
    i._printf_pre_padding                    0x08002ff4   Section        0  printfa.o(i._printf_pre_padding)
    _printf_pre_padding                      0x08002ff5   Thumb Code    44  printfa.o(i._printf_pre_padding)
    i._sputc                                 0x08003020   Section        0  printfa.o(i._sputc)
    _sputc                                   0x08003021   Thumb Code    10  printfa.o(i._sputc)
    i.bmp180_data_readout_template           0x0800302c   Section        0  bmp180_support.o(i.bmp180_data_readout_template)
    i.bmp180_get_calib_param                 0x08003088   Section        0  bmp180.o(i.bmp180_get_calib_param)
    i.bmp180_get_pressure                    0x08003190   Section        0  bmp180.o(i.bmp180_get_pressure)
    i.bmp180_get_temperature                 0x080032a0   Section        0  bmp180.o(i.bmp180_get_temperature)
    i.bmp180_get_uncomp_pressure             0x08003300   Section        0  bmp180.o(i.bmp180_get_uncomp_pressure)
    i.bmp180_get_uncomp_temperature          0x08003448   Section        0  bmp180.o(i.bmp180_get_uncomp_temperature)
    i.bmp180_init                            0x080034ac   Section        0  bmp180.o(i.bmp180_init)
    i.delay_us                               0x08003538   Section        0  dht11.o(i.delay_us)
    i.dht11_gpio_input                       0x08003554   Section        0  dht11.o(i.dht11_gpio_input)
    i.dht11_gpio_output                      0x08003556   Section        0  dht11.o(i.dht11_gpio_output)
    i.dht11_read_bit                         0x08003558   Section        0  dht11.o(i.dht11_read_bit)
    i.dht11_read_byte                        0x0800359c   Section        0  dht11.o(i.dht11_read_byte)
    i.dht11_read_data                        0x080035bc   Section        0  dht11.o(i.dht11_read_data)
    i.dht11_reset                            0x08003630   Section        0  dht11.o(i.dht11_reset)
    i.dht11_scan                             0x08003668   Section        0  dht11.o(i.dht11_scan)
    i.main                                   0x0800367c   Section        0  main.o(i.main)
    i.makeFreeRtosPriority                   0x080036b8   Section        0  cmsis_os.o(i.makeFreeRtosPriority)
    makeFreeRtosPriority                     0x080036b9   Thumb Code    14  cmsis_os.o(i.makeFreeRtosPriority)
    i.osDelay                                0x080036c6   Section        0  cmsis_os.o(i.osDelay)
    i.osKernelStart                          0x080036e0   Section        0  cmsis_os.o(i.osKernelStart)
    i.osSystickHandler                       0x080036ea   Section        0  cmsis_os.o(i.osSystickHandler)
    i.osThreadCreate                         0x080036fa   Section        0  cmsis_os.o(i.osThreadCreate)
    i.prvAddCurrentTaskToDelayedList         0x0800372c   Section        0  tasks.o(i.prvAddCurrentTaskToDelayedList)
    prvAddCurrentTaskToDelayedList           0x0800372d   Thumb Code   100  tasks.o(i.prvAddCurrentTaskToDelayedList)
    i.prvAddNewTaskToReadyList               0x080037a8   Section        0  tasks.o(i.prvAddNewTaskToReadyList)
    prvAddNewTaskToReadyList                 0x080037a9   Thumb Code   140  tasks.o(i.prvAddNewTaskToReadyList)
    i.prvCheckTasksWaitingTermination        0x0800384c   Section        0  tasks.o(i.prvCheckTasksWaitingTermination)
    prvCheckTasksWaitingTermination          0x0800384d   Thumb Code    90  tasks.o(i.prvCheckTasksWaitingTermination)
    i.prvDeleteTCB                           0x080038b4   Section        0  tasks.o(i.prvDeleteTCB)
    prvDeleteTCB                             0x080038b5   Thumb Code    18  tasks.o(i.prvDeleteTCB)
    i.prvHeapInit                            0x080038c8   Section        0  heap_4.o(i.prvHeapInit)
    prvHeapInit                              0x080038c9   Thumb Code   100  heap_4.o(i.prvHeapInit)
    i.prvIdleTask                            0x08003944   Section        0  tasks.o(i.prvIdleTask)
    prvIdleTask                              0x08003945   Thumb Code    20  tasks.o(i.prvIdleTask)
    i.prvInitialiseNewTask                   0x0800395c   Section        0  tasks.o(i.prvInitialiseNewTask)
    prvInitialiseNewTask                     0x0800395d   Thumb Code   164  tasks.o(i.prvInitialiseNewTask)
    i.prvInitialiseTaskLists                 0x08003a00   Section        0  tasks.o(i.prvInitialiseTaskLists)
    prvInitialiseTaskLists                   0x08003a01   Thumb Code    68  tasks.o(i.prvInitialiseTaskLists)
    i.prvInsertBlockIntoFreeList             0x08003a64   Section        0  heap_4.o(i.prvInsertBlockIntoFreeList)
    prvInsertBlockIntoFreeList               0x08003a65   Thumb Code    96  heap_4.o(i.prvInsertBlockIntoFreeList)
    i.prvResetNextTaskUnblockTime            0x08003acc   Section        0  tasks.o(i.prvResetNextTaskUnblockTime)
    prvResetNextTaskUnblockTime              0x08003acd   Thumb Code    46  tasks.o(i.prvResetNextTaskUnblockTime)
    i.prvTaskExitError                       0x08003b04   Section        0  port.o(i.prvTaskExitError)
    prvTaskExitError                         0x08003b05   Thumb Code    32  port.o(i.prvTaskExitError)
    i.pvPortMalloc                           0x08003b28   Section        0  heap_4.o(i.pvPortMalloc)
    i.pxPortInitialiseStack                  0x08003c44   Section        0  port.o(i.pxPortInitialiseStack)
    i.ssd1306_DrawPixel                      0x08003c64   Section        0  ssd1306.o(i.ssd1306_DrawPixel)
    i.ssd1306_Fill                           0x08003d08   Section        0  ssd1306.o(i.ssd1306_Fill)
    i.ssd1306_Init                           0x08003d2c   Section        0  ssd1306.o(i.ssd1306_Init)
    i.ssd1306_SetCursor                      0x08003df8   Section        0  ssd1306.o(i.ssd1306_SetCursor)
    i.ssd1306_UpdateScreen                   0x08003e04   Section        0  ssd1306.o(i.ssd1306_UpdateScreen)
    i.ssd1306_WriteChar                      0x08003e50   Section        0  ssd1306.o(i.ssd1306_WriteChar)
    i.ssd1306_WriteCommand                   0x08003f08   Section        0  ssd1306.o(i.ssd1306_WriteCommand)
    ssd1306_WriteCommand                     0x08003f09   Thumb Code    32  ssd1306.o(i.ssd1306_WriteCommand)
    i.ssd1306_WriteString                    0x08003f2c   Section        0  ssd1306.o(i.ssd1306_WriteString)
    i.uxListRemove                           0x08003f58   Section        0  list.o(i.uxListRemove)
    i.vListInitialise                        0x08003f80   Section        0  list.o(i.vListInitialise)
    i.vListInitialiseItem                    0x08003f9a   Section        0  list.o(i.vListInitialiseItem)
    i.vListInsert                            0x08003fa0   Section        0  list.o(i.vListInsert)
    i.vListInsertEnd                         0x08003fd6   Section        0  list.o(i.vListInsertEnd)
    i.vPortEnterCritical                     0x08003ff0   Section        0  port.o(i.vPortEnterCritical)
    i.vPortExitCritical                      0x0800400c   Section        0  port.o(i.vPortExitCritical)
    i.vPortFree                              0x08004034   Section        0  heap_4.o(i.vPortFree)
    i.vPortSetupTimerInterrupt               0x080040b4   Section        0  port.o(i.vPortSetupTimerInterrupt)
    i.vPortYield                             0x080040d8   Section        0  port.o(i.vPortYield)
    i.vTaskDelay                             0x080040f0   Section        0  tasks.o(i.vTaskDelay)
    i.vTaskStartScheduler                    0x08004134   Section        0  tasks.o(i.vTaskStartScheduler)
    i.vTaskSuspendAll                        0x080041a0   Section        0  tasks.o(i.vTaskSuspendAll)
    i.vTaskSwitchContext                     0x080041b0   Section        0  tasks.o(i.vTaskSwitchContext)
    i.xPortStartScheduler                    0x08004230   Section        0  port.o(i.xPortStartScheduler)
    i.xPortSysTickHandler                    0x08004268   Section        0  port.o(i.xPortSysTickHandler)
    i.xTaskCreate                            0x0800428c   Section        0  tasks.o(i.xTaskCreate)
    i.xTaskGetSchedulerState                 0x080042e8   Section        0  tasks.o(i.xTaskGetSchedulerState)
    i.xTaskIncrementTick                     0x0800430c   Section        0  tasks.o(i.xTaskIncrementTick)
    i.xTaskResumeAll                         0x08004448   Section        0  tasks.o(i.xTaskResumeAll)
    .constdata                               0x08004538   Section       20  main.o(.constdata)
    .constdata                               0x0800454c   Section    10260  fonts.o(.constdata)
    Font7x10                                 0x0800454c   Data        1900  fonts.o(.constdata)
    Font11x18                                0x08004cb8   Data        3420  fonts.o(.constdata)
    Font16x26                                0x08005a14   Data        4940  fonts.o(.constdata)
    .constdata                               0x08006d60   Section       24  system_stm32f0xx.o(.constdata)
    .conststring                             0x08006d78   Section       12  main.o(.conststring)
    .data                                    0x20000000   Section       44  main.o(.data)
    .data                                    0x2000002c   Section       24  fonts.o(.data)
    .data                                    0x20000044   Section        6  ssd1306.o(.data)
    SSD1306                                  0x20000044   Data           6  ssd1306.o(.data)
    .data                                    0x2000004c   Section        4  bmp180.o(.data)
    p_bmp180                                 0x2000004c   Data           4  bmp180.o(.data)
    .data                                    0x20000050   Section        4  bmp180_support.o(.data)
    .data                                    0x20000054   Section        4  stm32f0xx_hal.o(.data)
    .data                                    0x20000058   Section        4  system_stm32f0xx.o(.data)
    .data                                    0x2000005c   Section       24  heap_4.o(.data)
    xStart                                   0x2000005c   Data           8  heap_4.o(.data)
    pxEnd                                    0x20000064   Data           4  heap_4.o(.data)
    xFreeBytesRemaining                      0x20000068   Data           4  heap_4.o(.data)
    xMinimumEverFreeBytesRemaining           0x2000006c   Data           4  heap_4.o(.data)
    xBlockAllocatedBit                       0x20000070   Data           4  heap_4.o(.data)
    .data                                    0x20000074   Section        4  port.o(.data)
    uxCriticalNesting                        0x20000074   Data           4  port.o(.data)
    .data                                    0x20000078   Section       60  tasks.o(.data)
    pxDelayedTaskList                        0x2000007c   Data           4  tasks.o(.data)
    pxOverflowDelayedTaskList                0x20000080   Data           4  tasks.o(.data)
    uxDeletedTasksWaitingCleanUp             0x20000084   Data           4  tasks.o(.data)
    uxCurrentNumberOfTasks                   0x20000088   Data           4  tasks.o(.data)
    xTickCount                               0x2000008c   Data           4  tasks.o(.data)
    uxTopReadyPriority                       0x20000090   Data           4  tasks.o(.data)
    xSchedulerRunning                        0x20000094   Data           4  tasks.o(.data)
    uxPendedTicks                            0x20000098   Data           4  tasks.o(.data)
    xYieldPending                            0x2000009c   Data           4  tasks.o(.data)
    xNumOfOverflows                          0x200000a0   Data           4  tasks.o(.data)
    uxTaskNumber                             0x200000a4   Data           4  tasks.o(.data)
    xNextTaskUnblockTime                     0x200000a8   Data           4  tasks.o(.data)
    xIdleTaskHandle                          0x200000ac   Data           4  tasks.o(.data)
    uxSchedulerSuspended                     0x200000b0   Data           4  tasks.o(.data)
    .bss                                     0x200000b4   Section      172  main.o(.bss)
    .bss                                     0x20000160   Section       64  stm32f0xx_hal_timebase_tim.o(.bss)
    .bss                                     0x200001a0   Section     1024  ssd1306.o(.bss)
    SSD1306_Buffer                           0x200001a0   Data        1024  ssd1306.o(.bss)
    .bss                                     0x200005a0   Section       52  bmp180_support.o(.bss)
    .bss                                     0x200005d4   Section     3072  heap_4.o(.bss)
    ucHeap                                   0x200005d4   Data        3072  heap_4.o(.bss)
    .bss                                     0x200011d4   Section      240  tasks.o(.bss)
    pxReadyTasksLists                        0x200011d4   Data         140  tasks.o(.bss)
    xDelayedTaskList1                        0x20001260   Data          20  tasks.o(.bss)
    xDelayedTaskList2                        0x20001274   Data          20  tasks.o(.bss)
    xPendingReadyList                        0x20001288   Data          20  tasks.o(.bss)
    xTasksWaitingTermination                 0x2000129c   Data          20  tasks.o(.bss)
    xSuspendedTaskList                       0x200012b0   Data          20  tasks.o(.bss)
    STACK                                    0x200012c8   Section     1024  startup_stm32f030x8.o(STACK)

    Global Symbols

    Symbol Name                              Value     Ov Type        Size  Object(Section)

    BuildAttributes$$THM_ISAv3M$S$PE$A:L22$X:L11$S22$IEEE1$IW$USESV6$~STKCKD$USESV7$~SHL$OSPACE$ROPI$EBA8$MICROLIB$REQ8$PRES8$EABIv2 0x00000000   Number         0  anon$$obj.o ABSOLUTE
    __ARM_use_no_argv                        0x00000000   Number         0  main.o ABSOLUTE
    _printf_a                                0x00000000   Number         0  stubs.o ABSOLUTE
    _printf_c                                0x00000000   Number         0  stubs.o ABSOLUTE
    _printf_charcount                        0x00000000   Number         0  stubs.o ABSOLUTE
    _printf_d                                0x00000000   Number         0  stubs.o ABSOLUTE
    _printf_e                                0x00000000   Number         0  stubs.o ABSOLUTE
    _printf_f                                0x00000000   Number         0  stubs.o ABSOLUTE
    _printf_flags                            0x00000000   Number         0  stubs.o ABSOLUTE
    _printf_fp_dec                           0x00000000   Number         0  stubs.o ABSOLUTE
    _printf_fp_hex                           0x00000000   Number         0  stubs.o ABSOLUTE
    _printf_g                                0x00000000   Number         0  stubs.o ABSOLUTE
    _printf_i                                0x00000000   Number         0  stubs.o ABSOLUTE
    _printf_int_dec                          0x00000000   Number         0  stubs.o ABSOLUTE
    _printf_l                                0x00000000   Number         0  stubs.o ABSOLUTE
    _printf_lc                               0x00000000   Number         0  stubs.o ABSOLUTE
    _printf_ll                               0x00000000   Number         0  stubs.o ABSOLUTE
    _printf_lld                              0x00000000   Number         0  stubs.o ABSOLUTE
    _printf_lli                              0x00000000   Number         0  stubs.o ABSOLUTE
    _printf_llo                              0x00000000   Number         0  stubs.o ABSOLUTE
    _printf_llu                              0x00000000   Number         0  stubs.o ABSOLUTE
    _printf_llx                              0x00000000   Number         0  stubs.o ABSOLUTE
    _printf_longlong_dec                     0x00000000   Number         0  stubs.o ABSOLUTE
    _printf_longlong_hex                     0x00000000   Number         0  stubs.o ABSOLUTE
    _printf_longlong_oct                     0x00000000   Number         0  stubs.o ABSOLUTE
    _printf_ls                               0x00000000   Number         0  stubs.o ABSOLUTE
    _printf_mbtowc                           0x00000000   Number         0  stubs.o ABSOLUTE
    _printf_n                                0x00000000   Number         0  stubs.o ABSOLUTE
    _printf_o                                0x00000000   Number         0  stubs.o ABSOLUTE
    _printf_p                                0x00000000   Number         0  stubs.o ABSOLUTE
    _printf_percent                          0x00000000   Number         0  stubs.o ABSOLUTE
    _printf_pre_padding                      0x00000000   Number         0  stubs.o ABSOLUTE
    _printf_return_value                     0x00000000   Number         0  stubs.o ABSOLUTE
    _printf_s                                0x00000000   Number         0  stubs.o ABSOLUTE
    _printf_sizespec                         0x00000000   Number         0  stubs.o ABSOLUTE
    _printf_str                              0x00000000   Number         0  stubs.o ABSOLUTE
    _printf_truncate_signed                  0x00000000   Number         0  stubs.o ABSOLUTE
    _printf_truncate_unsigned                0x00000000   Number         0  stubs.o ABSOLUTE
    _printf_u                                0x00000000   Number         0  stubs.o ABSOLUTE
    _printf_wc                               0x00000000   Number         0  stubs.o ABSOLUTE
    _printf_wctomb                           0x00000000   Number         0  stubs.o ABSOLUTE
    _printf_widthprec                        0x00000000   Number         0  stubs.o ABSOLUTE
    _printf_x                                0x00000000   Number         0  stubs.o ABSOLUTE
    __cpp_initialize__aeabi_                  - Undefined Weak Reference
    __cxa_finalize                            - Undefined Weak Reference
    __decompress                              - Undefined Weak Reference
    _clock_init                               - Undefined Weak Reference
    _microlib_exit                            - Undefined Weak Reference
    __Vectors_Size                           0x000000b4   Number         0  startup_stm32f030x8.o ABSOLUTE
    __Vectors                                0x08000000   Data           4  startup_stm32f030x8.o(RESET)
    __Vectors_End                            0x080000b4   Data           0  startup_stm32f030x8.o(RESET)
    __main                                   0x080000b5   Thumb Code     0  entry.o(.ARM.Collect$$$$00000000)
    _main_stk                                0x080000b5   Thumb Code     0  entry2.o(.ARM.Collect$$$$00000001)
    _main_scatterload                        0x080000b9   Thumb Code     0  entry5.o(.ARM.Collect$$$$00000004)
    __main_after_scatterload                 0x080000bd   Thumb Code     0  entry5.o(.ARM.Collect$$$$00000004)
    _main_clock                              0x080000bd   Thumb Code     0  entry7b.o(.ARM.Collect$$$$00000008)
    _main_cpp_init                           0x080000bd   Thumb Code     0  entry8b.o(.ARM.Collect$$$$0000000A)
    _main_init                               0x080000bd   Thumb Code     0  entry9a.o(.ARM.Collect$$$$0000000B)
    __rt_final_cpp                           0x080000c5   Thumb Code     0  entry10a.o(.ARM.Collect$$$$0000000D)
    __rt_final_exit                          0x080000c5   Thumb Code     0  entry11a.o(.ARM.Collect$$$$0000000F)
    __asm___6_port_c_39a90d8d__prvPortStartFirstTask 0x080000c9   Thumb Code    36  port.o(.emb_text)
    ulSetInterruptMaskFromISR                0x080000f1   Thumb Code     8  port.o(.emb_text)
    vClearInterruptMaskFromISR               0x080000f9   Thumb Code     6  port.o(.emb_text)
    PendSV_Handler                           0x080000ff   Thumb Code    62  port.o(.emb_text)
    Reset_Handler                            0x08000141   Thumb Code     8  startup_stm32f030x8.o(.text)
    ADC1_IRQHandler                          0x08000153   Thumb Code     0  startup_stm32f030x8.o(.text)
    DMA1_Channel1_IRQHandler                 0x08000153   Thumb Code     0  startup_stm32f030x8.o(.text)
    DMA1_Channel2_3_IRQHandler               0x08000153   Thumb Code     0  startup_stm32f030x8.o(.text)
    DMA1_Channel4_5_IRQHandler               0x08000153   Thumb Code     0  startup_stm32f030x8.o(.text)
    EXTI0_1_IRQHandler                       0x08000153   Thumb Code     0  startup_stm32f030x8.o(.text)
    EXTI2_3_IRQHandler                       0x08000153   Thumb Code     0  startup_stm32f030x8.o(.text)
    EXTI4_15_IRQHandler                      0x08000153   Thumb Code     0  startup_stm32f030x8.o(.text)
    FLASH_IRQHandler                         0x08000153   Thumb Code     0  startup_stm32f030x8.o(.text)
    I2C1_IRQHandler                          0x08000153   Thumb Code     0  startup_stm32f030x8.o(.text)
    I2C2_IRQHandler                          0x08000153   Thumb Code     0  startup_stm32f030x8.o(.text)
    RCC_IRQHandler                           0x08000153   Thumb Code     0  startup_stm32f030x8.o(.text)
    RTC_IRQHandler                           0x08000153   Thumb Code     0  startup_stm32f030x8.o(.text)
    SPI1_IRQHandler                          0x08000153   Thumb Code     0  startup_stm32f030x8.o(.text)
    SPI2_IRQHandler                          0x08000153   Thumb Code     0  startup_stm32f030x8.o(.text)
    TIM14_IRQHandler                         0x08000153   Thumb Code     0  startup_stm32f030x8.o(.text)
    TIM15_IRQHandler                         0x08000153   Thumb Code     0  startup_stm32f030x8.o(.text)
    TIM16_IRQHandler                         0x08000153   Thumb Code     0  startup_stm32f030x8.o(.text)
    TIM17_IRQHandler                         0x08000153   Thumb Code     0  startup_stm32f030x8.o(.text)
    TIM1_BRK_UP_TRG_COM_IRQHandler           0x08000153   Thumb Code     0  startup_stm32f030x8.o(.text)
    TIM1_CC_IRQHandler                       0x08000153   Thumb Code     0  startup_stm32f030x8.o(.text)
    TIM3_IRQHandler                          0x08000153   Thumb Code     0  startup_stm32f030x8.o(.text)
    USART1_IRQHandler                        0x08000153   Thumb Code     0  startup_stm32f030x8.o(.text)
    USART2_IRQHandler                        0x08000153   Thumb Code     0  startup_stm32f030x8.o(.text)
    WWDG_IRQHandler                          0x08000153   Thumb Code     0  startup_stm32f030x8.o(.text)
    __aeabi_uidiv                            0x0800015d   Thumb Code     0  uidiv.o(.text)
    __aeabi_uidivmod                         0x0800015d   Thumb Code    44  uidiv.o(.text)
    __aeabi_idiv                             0x08000189   Thumb Code     0  idiv.o(.text)
    __aeabi_idivmod                          0x08000189   Thumb Code    40  idiv.o(.text)
    __aeabi_llsr                             0x080001b1   Thumb Code    34  llushr.o(.text)
    _ll_ushift_r                             0x080001b1   Thumb Code     0  llushr.o(.text)
    __aeabi_memcpy                           0x080001d3   Thumb Code    36  memcpya.o(.text)
    __aeabi_memcpy4                          0x080001d3   Thumb Code     0  memcpya.o(.text)
    __aeabi_memcpy8                          0x080001d3   Thumb Code     0  memcpya.o(.text)
    __aeabi_memset                           0x080001f7   Thumb Code    14  memseta.o(.text)
    __aeabi_memset4                          0x080001f7   Thumb Code     0  memseta.o(.text)
    __aeabi_memset8                          0x080001f7   Thumb Code     0  memseta.o(.text)
    __aeabi_memclr                           0x08000205   Thumb Code     4  memseta.o(.text)
    __aeabi_memclr4                          0x08000205   Thumb Code     0  memseta.o(.text)
    __aeabi_memclr8                          0x08000205   Thumb Code     0  memseta.o(.text)
    _memset$wrapper                          0x08000209   Thumb Code    18  memseta.o(.text)
    __aeabi_dadd                             0x0800021d   Thumb Code   328  dadd.o(.text)
    __aeabi_dsub                             0x08000365   Thumb Code    12  dadd.o(.text)
    __aeabi_drsub                            0x08000371   Thumb Code    12  dadd.o(.text)
    __aeabi_ddiv                             0x08000381   Thumb Code   234  ddiv.o(.text)
    __aeabi_ui2d                             0x08000471   Thumb Code    24  dfltui.o(.text)
    __aeabi_cdrcmple                         0x0800048d   Thumb Code    38  cdrcmple.o(.text)
    __aeabi_uldivmod                         0x080004b5   Thumb Code    96  uldiv.o(.text)
    __aeabi_llsl                             0x08000515   Thumb Code    32  llshl.o(.text)
    _ll_shift_l                              0x08000515   Thumb Code     0  llshl.o(.text)
    __aeabi_lasr                             0x08000535   Thumb Code    38  llsshr.o(.text)
    _ll_sshift_r                             0x08000535   Thumb Code     0  llsshr.o(.text)
    __I$use$fp                               0x0800055b   Thumb Code     0  iusefp.o(.text)
    _double_round                            0x0800055b   Thumb Code    26  depilogue.o(.text)
    _double_epilogue                         0x08000575   Thumb Code   164  depilogue.o(.text)
    __aeabi_dmul                             0x08000619   Thumb Code   202  dmul.o(.text)
    __aeabi_d2ulz                            0x080006e9   Thumb Code    54  dfixul.o(.text)
    __scatterload                            0x08000729   Thumb Code    28  init.o(.text)
    __scatterload_rt2                        0x08000729   Thumb Code     0  init.o(.text)
    BMP180_I2C_bus_read                      0x0800074d   Thumb Code    38  bmp180_support.o(i.BMP180_I2C_bus_read)
    BMP180_I2C_bus_write                     0x08000779   Thumb Code    38  bmp180_support.o(i.BMP180_I2C_bus_write)
    BMP180_delay_msek                        0x080007a5   Thumb Code    12  bmp180_support.o(i.BMP180_delay_msek)
    HAL_Delay                                0x080007b1   Thumb Code    32  stm32f0xx_hal.o(i.HAL_Delay)
    HAL_GPIO_Init                            0x080007d1   Thumb Code   470  stm32f0xx_hal_gpio.o(i.HAL_GPIO_Init)
    HAL_GPIO_ReadPin                         0x080009c1   Thumb Code    18  stm32f0xx_hal_gpio.o(i.HAL_GPIO_ReadPin)
    HAL_GPIO_WritePin                        0x080009d3   Thumb Code    12  stm32f0xx_hal_gpio.o(i.HAL_GPIO_WritePin)
    HAL_GetTick                              0x080009e1   Thumb Code     6  stm32f0xx_hal.o(i.HAL_GetTick)
    HAL_I2CEx_ConfigAnalogFilter             0x080009ed   Thumb Code   110  stm32f0xx_hal_i2c_ex.o(i.HAL_I2CEx_ConfigAnalogFilter)
    HAL_I2CEx_ConfigDigitalFilter            0x08000a5b   Thumb Code   114  stm32f0xx_hal_i2c_ex.o(i.HAL_I2CEx_ConfigDigitalFilter)
    HAL_I2C_Init                             0x08000acd   Thumb Code   208  stm32f0xx_hal_i2c.o(i.HAL_I2C_Init)
    HAL_I2C_Mem_Read                         0x08000ba1   Thumb Code   446  stm32f0xx_hal_i2c.o(i.HAL_I2C_Mem_Read)
    HAL_I2C_Mem_Write                        0x08000d65   Thumb Code   446  stm32f0xx_hal_i2c.o(i.HAL_I2C_Mem_Write)
    HAL_I2C_MspInit                          0x08000f29   Thumb Code   180  stm32f0xx_hal_msp.o(i.HAL_I2C_MspInit)
    HAL_IncTick                              0x08000fed   Thumb Code    12  stm32f0xx_hal.o(i.HAL_IncTick)
    HAL_Init                                 0x08000ffd   Thumb Code    28  stm32f0xx_hal.o(i.HAL_Init)
    HAL_InitTick                             0x0800101d   Thumb Code   120  stm32f0xx_hal_timebase_tim.o(i.HAL_InitTick)
    HAL_MspInit                              0x080010a9   Thumb Code    90  stm32f0xx_hal_msp.o(i.HAL_MspInit)
    HAL_NVIC_EnableIRQ                       0x08001109   Thumb Code    18  stm32f0xx_hal_cortex.o(i.HAL_NVIC_EnableIRQ)
    HAL_NVIC_SetPriority                     0x08001121   Thumb Code    18  stm32f0xx_hal_cortex.o(i.HAL_NVIC_SetPriority)
    HAL_RCCEx_PeriphCLKConfig                0x08001135   Thumb Code   322  stm32f0xx_hal_rcc_ex.o(i.HAL_RCCEx_PeriphCLKConfig)
    HAL_RCC_ClockConfig                      0x08001285   Thumb Code   382  stm32f0xx_hal_rcc.o(i.HAL_RCC_ClockConfig)
    HAL_RCC_GetClockConfig                   0x08001419   Thumb Code    48  stm32f0xx_hal_rcc.o(i.HAL_RCC_GetClockConfig)
    HAL_RCC_GetHCLKFreq                      0x08001451   Thumb Code     6  stm32f0xx_hal_rcc.o(i.HAL_RCC_GetHCLKFreq)
    HAL_RCC_GetPCLK1Freq                     0x0800145d   Thumb Code    26  stm32f0xx_hal_rcc.o(i.HAL_RCC_GetPCLK1Freq)
    HAL_RCC_GetSysClockFreq                  0x08001481   Thumb Code   150  stm32f0xx_hal_rcc.o(i.HAL_RCC_GetSysClockFreq)
    HAL_RCC_OscConfig                        0x08001545   Thumb Code  1352  stm32f0xx_hal_rcc.o(i.HAL_RCC_OscConfig)
    HAL_SYSTICK_CLKSourceConfig              0x08001a91   Thumb Code    32  stm32f0xx_hal_cortex.o(i.HAL_SYSTICK_CLKSourceConfig)
    HAL_SYSTICK_Config                       0x08001ab5   Thumb Code    46  stm32f0xx_hal_cortex.o(i.HAL_SYSTICK_Config)
    HAL_TIMEx_BreakCallback                  0x08001aed   Thumb Code     2  stm32f0xx_hal_tim_ex.o(i.HAL_TIMEx_BreakCallback)
    HAL_TIMEx_CommutationCallback            0x08001aef   Thumb Code     2  stm32f0xx_hal_tim_ex.o(i.HAL_TIMEx_CommutationCallback)
    HAL_TIM_Base_Init                        0x08001af1   Thumb Code    56  stm32f0xx_hal_tim.o(i.HAL_TIM_Base_Init)
    HAL_TIM_Base_MspInit                     0x08001b29   Thumb Code     2  stm32f0xx_hal_tim.o(i.HAL_TIM_Base_MspInit)
    HAL_TIM_Base_Start_IT                    0x08001b2b   Thumb Code    30  stm32f0xx_hal_tim.o(i.HAL_TIM_Base_Start_IT)
    HAL_TIM_IC_CaptureCallback               0x08001b49   Thumb Code     2  stm32f0xx_hal_tim.o(i.HAL_TIM_IC_CaptureCallback)
    HAL_TIM_IRQHandler                       0x08001b4b   Thumb Code   456  stm32f0xx_hal_tim.o(i.HAL_TIM_IRQHandler)
    HAL_TIM_OC_DelayElapsedCallback          0x08001d13   Thumb Code     2  stm32f0xx_hal_tim.o(i.HAL_TIM_OC_DelayElapsedCallback)
    HAL_TIM_PWM_PulseFinishedCallback        0x08001d15   Thumb Code     2  stm32f0xx_hal_tim.o(i.HAL_TIM_PWM_PulseFinishedCallback)
    HAL_TIM_PeriodElapsedCallback            0x08001d19   Thumb Code    18  main.o(i.HAL_TIM_PeriodElapsedCallback)
    HAL_TIM_TriggerCallback                  0x08001d31   Thumb Code     2  stm32f0xx_hal_tim.o(i.HAL_TIM_TriggerCallback)
    HardFault_Handler                        0x08001d33   Thumb Code     4  stm32f0xx_it.o(i.HardFault_Handler)
    I2C_routine                              0x0800205d   Thumb Code    22  bmp180_support.o(i.I2C_routine)
    NMI_Handler                              0x08002229   Thumb Code     2  stm32f0xx_it.o(i.NMI_Handler)
    SVC_Handler                              0x080022a5   Thumb Code     2  port.o(i.SVC_Handler)
    StartDefaultTask                         0x080022a9   Thumb Code   580  main.o(i.StartDefaultTask)
    SysTick_Handler                          0x08002529   Thumb Code     8  stm32f0xx_it.o(i.SysTick_Handler)
    SystemClock_Config                       0x08002531   Thumb Code   152  main.o(i.SystemClock_Config)
    SystemInit                               0x080025d9   Thumb Code   104  system_stm32f0xx.o(i.SystemInit)
    TIM6_IRQHandler                          0x0800264d   Thumb Code    10  stm32f0xx_it.o(i.TIM6_IRQHandler)
    TIM_Base_SetConfig                       0x0800265d   Thumb Code   136  stm32f0xx_hal_tim.o(i.TIM_Base_SetConfig)
    _Error_Handler                           0x080026fd   Thumb Code     4  main.o(i._Error_Handler)
    __0sprintf                               0x08002701   Thumb Code    36  printfa.o(i.__0sprintf)
    __1sprintf                               0x08002701   Thumb Code     0  printfa.o(i.__0sprintf)
    __2sprintf                               0x08002701   Thumb Code     0  printfa.o(i.__0sprintf)
    __c89sprintf                             0x08002701   Thumb Code     0  printfa.o(i.__0sprintf)
    sprintf                                  0x08002701   Thumb Code     0  printfa.o(i.__0sprintf)
    __ARM_clz                                0x08002729   Thumb Code    46  depilogue.o(i.__ARM_clz)
    __scatterload_copy                       0x08002757   Thumb Code    14  handlers.o(i.__scatterload_copy)
    __scatterload_null                       0x08002765   Thumb Code     2  handlers.o(i.__scatterload_null)
    __scatterload_zeroinit                   0x08002767   Thumb Code    14  handlers.o(i.__scatterload_zeroinit)
    bmp180_data_readout_template             0x0800302d   Thumb Code    84  bmp180_support.o(i.bmp180_data_readout_template)
    bmp180_get_calib_param                   0x08003089   Thumb Code   258  bmp180.o(i.bmp180_get_calib_param)
    bmp180_get_pressure                      0x08003191   Thumb Code   252  bmp180.o(i.bmp180_get_pressure)
    bmp180_get_temperature                   0x080032a1   Thumb Code    92  bmp180.o(i.bmp180_get_temperature)
    bmp180_get_uncomp_pressure               0x08003301   Thumb Code   322  bmp180.o(i.bmp180_get_uncomp_pressure)
    bmp180_get_uncomp_temperature            0x08003449   Thumb Code    96  bmp180.o(i.bmp180_get_uncomp_temperature)
    bmp180_init                              0x080034ad   Thumb Code   136  bmp180.o(i.bmp180_init)
    delay_us                                 0x08003539   Thumb Code    28  dht11.o(i.delay_us)
    dht11_gpio_input                         0x08003555   Thumb Code     2  dht11.o(i.dht11_gpio_input)
    dht11_gpio_output                        0x08003557   Thumb Code     2  dht11.o(i.dht11_gpio_output)
    dht11_read_bit                           0x08003559   Thumb Code    62  dht11.o(i.dht11_read_bit)
    dht11_read_byte                          0x0800359d   Thumb Code    30  dht11.o(i.dht11_read_byte)
    dht11_read_data                          0x080035bd   Thumb Code   112  dht11.o(i.dht11_read_data)
    dht11_reset                              0x08003631   Thumb Code    46  dht11.o(i.dht11_reset)
    dht11_scan                               0x08003669   Thumb Code    14  dht11.o(i.dht11_scan)
    main                                     0x0800367d   Thumb Code    52  main.o(i.main)
    osDelay                                  0x080036c7   Thumb Code    26  cmsis_os.o(i.osDelay)
    osKernelStart                            0x080036e1   Thumb Code    10  cmsis_os.o(i.osKernelStart)
    osSystickHandler                         0x080036eb   Thumb Code    16  cmsis_os.o(i.osSystickHandler)
    osThreadCreate                           0x080036fb   Thumb Code    48  cmsis_os.o(i.osThreadCreate)
    pvPortMalloc                             0x08003b29   Thumb Code   264  heap_4.o(i.pvPortMalloc)
    pxPortInitialiseStack                    0x08003c45   Thumb Code    26  port.o(i.pxPortInitialiseStack)
    ssd1306_DrawPixel                        0x08003c65   Thumb Code   154  ssd1306.o(i.ssd1306_DrawPixel)
    ssd1306_Fill                             0x08003d09   Thumb Code    32  ssd1306.o(i.ssd1306_Fill)
    ssd1306_Init                             0x08003d2d   Thumb Code   200  ssd1306.o(i.ssd1306_Init)
    ssd1306_SetCursor                        0x08003df9   Thumb Code     8  ssd1306.o(i.ssd1306_SetCursor)
    ssd1306_UpdateScreen                     0x08003e05   Thumb Code    66  ssd1306.o(i.ssd1306_UpdateScreen)
    ssd1306_WriteChar                        0x08003e51   Thumb Code   178  ssd1306.o(i.ssd1306_WriteChar)
    ssd1306_WriteString                      0x08003f2d   Thumb Code    44  ssd1306.o(i.ssd1306_WriteString)
    uxListRemove                             0x08003f59   Thumb Code    40  list.o(i.uxListRemove)
    vListInitialise                          0x08003f81   Thumb Code    26  list.o(i.vListInitialise)
    vListInitialiseItem                      0x08003f9b   Thumb Code     6  list.o(i.vListInitialiseItem)
    vListInsert                              0x08003fa1   Thumb Code    54  list.o(i.vListInsert)
    vListInsertEnd                           0x08003fd7   Thumb Code    24  list.o(i.vListInsertEnd)
    vPortEnterCritical                       0x08003ff1   Thumb Code    22  port.o(i.vPortEnterCritical)
    vPortExitCritical                        0x0800400d   Thumb Code    36  port.o(i.vPortExitCritical)
    vPortFree                                0x08004035   Thumb Code   120  heap_4.o(i.vPortFree)
    vPortSetupTimerInterrupt                 0x080040b5   Thumb Code    26  port.o(i.vPortSetupTimerInterrupt)
    vPortYield                               0x080040d9   Thumb Code    18  port.o(i.vPortYield)
    vTaskDelay                               0x080040f1   Thumb Code    62  tasks.o(i.vTaskDelay)
    vTaskStartScheduler                      0x08004135   Thumb Code    80  tasks.o(i.vTaskStartScheduler)
    vTaskSuspendAll                          0x080041a1   Thumb Code    12  tasks.o(i.vTaskSuspendAll)
    vTaskSwitchContext                       0x080041b1   Thumb Code   108  tasks.o(i.vTaskSwitchContext)
    xPortStartScheduler                      0x08004231   Thumb Code    48  port.o(i.xPortStartScheduler)
    xPortSysTickHandler                      0x08004269   Thumb Code    32  port.o(i.xPortSysTickHandler)
    xTaskCreate                              0x0800428d   Thumb Code    92  tasks.o(i.xTaskCreate)
    xTaskGetSchedulerState                   0x080042e9   Thumb Code    28  tasks.o(i.xTaskGetSchedulerState)
    xTaskIncrementTick                       0x0800430d   Thumb Code   270  tasks.o(i.xTaskIncrementTick)
    xTaskResumeAll                           0x08004449   Thumb Code   206  tasks.o(i.xTaskResumeAll)
    AHBPrescTable                            0x08006d60   Data          16  system_stm32f0xx.o(.constdata)
    APBPrescTable                            0x08006d70   Data           8  system_stm32f0xx.o(.constdata)
    Region$$Table$$Base                      0x08006d84   Number         0  anon$$obj.o(Region$$Table)
    Region$$Table$$Limit                     0x08006da4   Number         0  anon$$obj.o(Region$$Table)
    defaultTaskHandle                        0x20000000   Data           4  main.o(.data)
    temperature                              0x20000004   Data           1  main.o(.data)
    humidity                                 0x20000005   Data           1  main.o(.data)
    buffer                                   0x20000006   Data           5  main.o(.data)
    hum                                      0x20000010   Data           8  main.o(.data)
    temp                                     0x20000018   Data           8  main.o(.data)
    warning_temp                             0x20000020   Data           8  main.o(.data)
    pressure                                 0x20000028   Data           4  main.o(.data)
    Font_7x10                                0x2000002c   Data           8  fonts.o(.data)
    Font_11x18                               0x20000034   Data           8  fonts.o(.data)
    Font_16x26                               0x2000003c   Data           8  fonts.o(.data)
    com_rslt                                 0x20000050   Data           4  bmp180_support.o(.data)
    uwTick                                   0x20000054   Data           4  stm32f0xx_hal.o(.data)
    SystemCoreClock                          0x20000058   Data           4  system_stm32f0xx.o(.data)
    pxCurrentTCB                             0x20000078   Data           4  tasks.o(.data)
    hi2c1                                    0x200000b4   Data          76  main.o(.bss)
    hi2c2                                    0x20000100   Data          76  main.o(.bss)
    disp_buffer                              0x2000014c   Data          20  main.o(.bss)
    htim6                                    0x20000160   Data          64  stm32f0xx_hal_timebase_tim.o(.bss)
    bmp180                                   0x200005a0   Data          52  bmp180_support.o(.bss)
    __initial_sp                             0x200016c8   Data           0  startup_stm32f030x8.o(STACK)



==============================================================================

Memory Map of the image

  Image Entry point : 0x080000b5

  Load Region LR_IROM1 (Base: 0x08000000, Size: 0x00006e58, Max: 0x00010000, ABSOLUTE)

    Execution Region ER_IROM1 (Base: 0x08000000, Size: 0x00006da4, Max: 0x00010000, ABSOLUTE)

    Base Addr    Size         Type   Attr      Idx    E Section Name        Object

    0x08000000   0x000000b4   Data   RO            3    RESET               startup_stm32f030x8.o
    0x080000b4   0x00000000   Code   RO         3852  * .ARM.Collect$$$$00000000  mc_p.l(entry.o)
    0x080000b4   0x00000004   Code   RO         4136    .ARM.Collect$$$$00000001  mc_p.l(entry2.o)
    0x080000b8   0x00000004   Code   RO         4139    .ARM.Collect$$$$00000004  mc_p.l(entry5.o)
    0x080000bc   0x00000000   Code   RO         4141    .ARM.Collect$$$$00000008  mc_p.l(entry7b.o)
    0x080000bc   0x00000000   Code   RO         4143    .ARM.Collect$$$$0000000A  mc_p.l(entry8b.o)
    0x080000bc   0x00000008   Code   RO         4144    .ARM.Collect$$$$0000000B  mc_p.l(entry9a.o)
    0x080000c4   0x00000000   Code   RO         4146    .ARM.Collect$$$$0000000D  mc_p.l(entry10a.o)
    0x080000c4   0x00000000   Code   RO         4148    .ARM.Collect$$$$0000000F  mc_p.l(entry11a.o)
    0x080000c4   0x00000004   Code   RO         4137    .ARM.Collect$$$$00002712  mc_p.l(entry2.o)
    0x080000c8   0x00000078   Code   RO         2862    .emb_text           port.o
    0x08000140   0x0000001c   Code   RO            4    .text               startup_stm32f030x8.o
    0x0800015c   0x0000002c   Code   RO         3855    .text               mc_p.l(uidiv.o)
    0x08000188   0x00000028   Code   RO         3857    .text               mc_p.l(idiv.o)
    0x080001b0   0x00000022   Code   RO         3859    .text               mc_p.l(llushr.o)
    0x080001d2   0x00000024   Code   RO         3861    .text               mc_p.l(memcpya.o)
    0x080001f6   0x00000024   Code   RO         3863    .text               mc_p.l(memseta.o)
    0x0800021a   0x00000002   PAD
    0x0800021c   0x00000164   Code   RO         4128    .text               mf_p.l(dadd.o)
    0x08000380   0x000000f0   Code   RO         4130    .text               mf_p.l(ddiv.o)
    0x08000470   0x0000001c   Code   RO         4132    .text               mf_p.l(dfltui.o)
    0x0800048c   0x00000028   Code   RO         4134    .text               mf_p.l(cdrcmple.o)
    0x080004b4   0x00000060   Code   RO         4153    .text               mc_p.l(uldiv.o)
    0x08000514   0x00000020   Code   RO         4155    .text               mc_p.l(llshl.o)
    0x08000534   0x00000026   Code   RO         4157    .text               mc_p.l(llsshr.o)
    0x0800055a   0x00000000   Code   RO         4159    .text               mc_p.l(iusefp.o)
    0x0800055a   0x000000be   Code   RO         4160    .text               mf_p.l(depilogue.o)
    0x08000618   0x000000d0   Code   RO         4164    .text               mf_p.l(dmul.o)
    0x080006e8   0x00000040   Code   RO         4166    .text               mf_p.l(dfixul.o)
    0x08000728   0x00000024   Code   RO         4168    .text               mc_p.l(init.o)
    0x0800074c   0x0000002c   Code   RO          553    i.BMP180_I2C_bus_read  bmp180_support.o
    0x08000778   0x0000002c   Code   RO          554    i.BMP180_I2C_bus_write  bmp180_support.o
    0x080007a4   0x0000000c   Code   RO          555    i.BMP180_delay_msek  bmp180_support.o
    0x080007b0   0x00000020   Code   RO         2088    i.HAL_Delay         stm32f0xx_hal.o
    0x080007d0   0x000001f0   Code   RO         2223    i.HAL_GPIO_Init     stm32f0xx_hal_gpio.o
    0x080009c0   0x00000012   Code   RO         2225    i.HAL_GPIO_ReadPin  stm32f0xx_hal_gpio.o
    0x080009d2   0x0000000c   Code   RO         2227    i.HAL_GPIO_WritePin  stm32f0xx_hal_gpio.o
    0x080009de   0x00000002   PAD
    0x080009e0   0x0000000c   Code   RO         2092    i.HAL_GetTick       stm32f0xx_hal.o
    0x080009ec   0x0000006e   Code   RO         1034    i.HAL_I2CEx_ConfigAnalogFilter  stm32f0xx_hal_i2c_ex.o
    0x08000a5a   0x00000072   Code   RO         1035    i.HAL_I2CEx_ConfigDigitalFilter  stm32f0xx_hal_i2c_ex.o
    0x08000acc   0x000000d4   Code   RO          621    i.HAL_I2C_Init      stm32f0xx_hal_i2c.o
    0x08000ba0   0x000001c4   Code   RO          637    i.HAL_I2C_Mem_Read  stm32f0xx_hal_i2c.o
    0x08000d64   0x000001c4   Code   RO          640    i.HAL_I2C_Mem_Write  stm32f0xx_hal_i2c.o
    0x08000f28   0x000000c4   Code   RO          281    i.HAL_I2C_MspInit   stm32f0xx_hal_msp.o
    0x08000fec   0x00000010   Code   RO         2096    i.HAL_IncTick       stm32f0xx_hal.o
    0x08000ffc   0x00000020   Code   RO         2097    i.HAL_Init          stm32f0xx_hal.o
    0x0800101c   0x0000008c   Code   RO          312    i.HAL_InitTick      stm32f0xx_hal_timebase_tim.o
    0x080010a8   0x00000060   Code   RO          282    i.HAL_MspInit       stm32f0xx_hal_msp.o
    0x08001108   0x00000018   Code   RO         2380    i.HAL_NVIC_EnableIRQ  stm32f0xx_hal_cortex.o
    0x08001120   0x00000012   Code   RO         2384    i.HAL_NVIC_SetPriority  stm32f0xx_hal_cortex.o
    0x08001132   0x00000002   PAD
    0x08001134   0x00000150   Code   RO         2053    i.HAL_RCCEx_PeriphCLKConfig  stm32f0xx_hal_rcc_ex.o
    0x08001284   0x00000194   Code   RO         1960    i.HAL_RCC_ClockConfig  stm32f0xx_hal_rcc.o
    0x08001418   0x00000038   Code   RO         1964    i.HAL_RCC_GetClockConfig  stm32f0xx_hal_rcc.o
    0x08001450   0x0000000c   Code   RO         1965    i.HAL_RCC_GetHCLKFreq  stm32f0xx_hal_rcc.o
    0x0800145c   0x00000024   Code   RO         1967    i.HAL_RCC_GetPCLK1Freq  stm32f0xx_hal_rcc.o
    0x08001480   0x000000c4   Code   RO         1968    i.HAL_RCC_GetSysClockFreq  stm32f0xx_hal_rcc.o
    0x08001544   0x0000054c   Code   RO         1971    i.HAL_RCC_OscConfig  stm32f0xx_hal_rcc.o
    0x08001a90   0x00000024   Code   RO         2386    i.HAL_SYSTICK_CLKSourceConfig  stm32f0xx_hal_cortex.o
    0x08001ab4   0x00000038   Code   RO         2388    i.HAL_SYSTICK_Config  stm32f0xx_hal_cortex.o
    0x08001aec   0x00000002   Code   RO         1724    i.HAL_TIMEx_BreakCallback  stm32f0xx_hal_tim_ex.o
    0x08001aee   0x00000002   Code   RO         1725    i.HAL_TIMEx_CommutationCallback  stm32f0xx_hal_tim_ex.o
    0x08001af0   0x00000038   Code   RO         1074    i.HAL_TIM_Base_Init  stm32f0xx_hal_tim.o
    0x08001b28   0x00000002   Code   RO         1076    i.HAL_TIM_Base_MspInit  stm32f0xx_hal_tim.o
    0x08001b2a   0x0000001e   Code   RO         1079    i.HAL_TIM_Base_Start_IT  stm32f0xx_hal_tim.o
    0x08001b48   0x00000002   Code   RO         1105    i.HAL_TIM_IC_CaptureCallback  stm32f0xx_hal_tim.o
    0x08001b4a   0x000001c8   Code   RO         1118    i.HAL_TIM_IRQHandler  stm32f0xx_hal_tim.o
    0x08001d12   0x00000002   Code   RO         1121    i.HAL_TIM_OC_DelayElapsedCallback  stm32f0xx_hal_tim.o
    0x08001d14   0x00000002   Code   RO         1148    i.HAL_TIM_PWM_PulseFinishedCallback  stm32f0xx_hal_tim.o
    0x08001d16   0x00000002   PAD
    0x08001d18   0x00000018   Code   RO           12    i.HAL_TIM_PeriodElapsedCallback  main.o
    0x08001d30   0x00000002   Code   RO         1159    i.HAL_TIM_TriggerCallback  stm32f0xx_hal_tim.o
    0x08001d32   0x00000004   Code   RO          238    i.HardFault_Handler  stm32f0xx_it.o
    0x08001d36   0x00000032   Code   RO          663    i.I2C_Flush_TXDR    stm32f0xx_hal_i2c.o
    0x08001d68   0x00000094   Code   RO          671    i.I2C_IsAcknowledgeFailed  stm32f0xx_hal_i2c.o
    0x08001dfc   0x00000092   Code   RO          674    i.I2C_RequestMemoryRead  stm32f0xx_hal_i2c.o
    0x08001e8e   0x00000092   Code   RO          675    i.I2C_RequestMemoryWrite  stm32f0xx_hal_i2c.o
    0x08001f20   0x00000030   Code   RO          678    i.I2C_TransferConfig  stm32f0xx_hal_i2c.o
    0x08001f50   0x00000052   Code   RO          679    i.I2C_WaitOnFlagUntilTimeout  stm32f0xx_hal_i2c.o
    0x08001fa2   0x0000005a   Code   RO          681    i.I2C_WaitOnSTOPFlagUntilTimeout  stm32f0xx_hal_i2c.o
    0x08001ffc   0x00000060   Code   RO          682    i.I2C_WaitOnTXISFlagUntilTimeout  stm32f0xx_hal_i2c.o
    0x0800205c   0x00000028   Code   RO          556    i.I2C_routine       bmp180_support.o
    0x08002084   0x000000a8   Code   RO           13    i.MX_GPIO_Init      main.o
    0x0800212c   0x0000007c   Code   RO           14    i.MX_I2C1_Init      main.o
    0x080021a8   0x00000080   Code   RO           15    i.MX_I2C2_Init      main.o
    0x08002228   0x00000002   Code   RO          239    i.NMI_Handler       stm32f0xx_it.o
    0x0800222a   0x00000002   PAD
    0x0800222c   0x00000078   Code   RO         2390    i.NVIC_SetPriority  stm32f0xx_hal_cortex.o
    0x080022a4   0x00000002   Code   RO         2863    i.SVC_Handler       port.o
    0x080022a6   0x00000002   PAD
    0x080022a8   0x00000280   Code   RO           16    i.StartDefaultTask  main.o
    0x08002528   0x00000008   Code   RO          240    i.SysTick_Handler   stm32f0xx_it.o
    0x08002530   0x000000a8   Code   RO           17    i.SystemClock_Config  main.o
    0x080025d8   0x00000074   Code   RO         2774    i.SystemInit        system_stm32f0xx.o
    0x0800264c   0x00000010   Code   RO          241    i.TIM6_IRQHandler   stm32f0xx_it.o
    0x0800265c   0x000000a0   Code   RO         1160    i.TIM_Base_SetConfig  stm32f0xx_hal_tim.o
    0x080026fc   0x00000004   Code   RO           18    i._Error_Handler    main.o
    0x08002700   0x00000028   Code   RO         4102    i.__0sprintf        mc_p.l(printfa.o)
    0x08002728   0x0000002e   Code   RO         4162    i.__ARM_clz         mf_p.l(depilogue.o)
    0x08002756   0x0000000e   Code   RO         4174    i.__scatterload_copy  mc_p.l(handlers.o)
    0x08002764   0x00000002   Code   RO         4175    i.__scatterload_null  mc_p.l(handlers.o)
    0x08002766   0x0000000e   Code   RO         4176    i.__scatterload_zeroinit  mc_p.l(handlers.o)
    0x08002774   0x00000174   Code   RO         4107    i._fp_digits        mc_p.l(printfa.o)
    0x080028e8   0x000006ec   Code   RO         4108    i._printf_core      mc_p.l(printfa.o)
    0x08002fd4   0x00000020   Code   RO         4109    i._printf_post_padding  mc_p.l(printfa.o)
    0x08002ff4   0x0000002c   Code   RO         4110    i._printf_pre_padding  mc_p.l(printfa.o)
    0x08003020   0x0000000a   Code   RO         4112    i._sputc            mc_p.l(printfa.o)
    0x0800302a   0x00000002   PAD
    0x0800302c   0x0000005c   Code   RO          557    i.bmp180_data_readout_template  bmp180_support.o
    0x08003088   0x00000108   Code   RO          504    i.bmp180_get_calib_param  bmp180.o
    0x08003190   0x00000110   Code   RO          505    i.bmp180_get_pressure  bmp180.o
    0x080032a0   0x00000060   Code   RO          506    i.bmp180_get_temperature  bmp180.o
    0x08003300   0x00000148   Code   RO          507    i.bmp180_get_uncomp_pressure  bmp180.o
    0x08003448   0x00000064   Code   RO          508    i.bmp180_get_uncomp_temperature  bmp180.o
    0x080034ac   0x0000008c   Code   RO          509    i.bmp180_init       bmp180.o
    0x08003538   0x0000001c   Code   RO          348    i.delay_us          dht11.o
    0x08003554   0x00000002   Code   RO          349    i.dht11_gpio_input  dht11.o
    0x08003556   0x00000002   Code   RO          350    i.dht11_gpio_output  dht11.o
    0x08003558   0x00000044   Code   RO          351    i.dht11_read_bit    dht11.o
    0x0800359c   0x0000001e   Code   RO          352    i.dht11_read_byte   dht11.o
    0x080035ba   0x00000002   PAD
    0x080035bc   0x00000074   Code   RO          353    i.dht11_read_data   dht11.o
    0x08003630   0x00000038   Code   RO          354    i.dht11_reset       dht11.o
    0x08003668   0x00000014   Code   RO          355    i.dht11_scan        dht11.o
    0x0800367c   0x0000003c   Code   RO           19    i.main              main.o
    0x080036b8   0x0000000e   Code   RO         3494    i.makeFreeRtosPriority  cmsis_os.o
    0x080036c6   0x0000001a   Code   RO         3496    i.osDelay           cmsis_os.o
    0x080036e0   0x0000000a   Code   RO         3499    i.osKernelStart     cmsis_os.o
    0x080036ea   0x00000010   Code   RO         3532    i.osSystickHandler  cmsis_os.o
    0x080036fa   0x00000030   Code   RO         3533    i.osThreadCreate    cmsis_os.o
    0x0800372a   0x00000002   PAD
    0x0800372c   0x0000007c   Code   RO         3199    i.prvAddCurrentTaskToDelayedList  tasks.o
    0x080037a8   0x000000a4   Code   RO         3200    i.prvAddNewTaskToReadyList  tasks.o
    0x0800384c   0x00000068   Code   RO         3201    i.prvCheckTasksWaitingTermination  tasks.o
    0x080038b4   0x00000012   Code   RO         3202    i.prvDeleteTCB      tasks.o
    0x080038c6   0x00000002   PAD
    0x080038c8   0x0000007c   Code   RO         2804    i.prvHeapInit       heap_4.o
    0x08003944   0x00000018   Code   RO         3203    i.prvIdleTask       tasks.o
    0x0800395c   0x000000a4   Code   RO         3204    i.prvInitialiseNewTask  tasks.o
    0x08003a00   0x00000064   Code   RO         3205    i.prvInitialiseTaskLists  tasks.o
    0x08003a64   0x00000068   Code   RO         2805    i.prvInsertBlockIntoFreeList  heap_4.o
    0x08003acc   0x00000038   Code   RO         3206    i.prvResetNextTaskUnblockTime  tasks.o
    0x08003b04   0x00000024   Code   RO         2864    i.prvTaskExitError  port.o
    0x08003b28   0x0000011c   Code   RO         2806    i.pvPortMalloc      heap_4.o
    0x08003c44   0x00000020   Code   RO         2865    i.pxPortInitialiseStack  port.o
    0x08003c64   0x000000a4   Code   RO          434    i.ssd1306_DrawPixel  ssd1306.o
    0x08003d08   0x00000024   Code   RO          435    i.ssd1306_Fill      ssd1306.o
    0x08003d2c   0x000000cc   Code   RO          436    i.ssd1306_Init      ssd1306.o
    0x08003df8   0x0000000c   Code   RO          437    i.ssd1306_SetCursor  ssd1306.o
    0x08003e04   0x0000004c   Code   RO          438    i.ssd1306_UpdateScreen  ssd1306.o
    0x08003e50   0x000000b8   Code   RO          439    i.ssd1306_WriteChar  ssd1306.o
    0x08003f08   0x00000024   Code   RO          440    i.ssd1306_WriteCommand  ssd1306.o
    0x08003f2c   0x0000002c   Code   RO          441    i.ssd1306_WriteString  ssd1306.o
    0x08003f58   0x00000028   Code   RO         3007    i.uxListRemove      list.o
    0x08003f80   0x0000001a   Code   RO         3008    i.vListInitialise   list.o
    0x08003f9a   0x00000006   Code   RO         3009    i.vListInitialiseItem  list.o
    0x08003fa0   0x00000036   Code   RO         3010    i.vListInsert       list.o
    0x08003fd6   0x00000018   Code   RO         3011    i.vListInsertEnd    list.o
    0x08003fee   0x00000002   PAD
    0x08003ff0   0x0000001c   Code   RO         2867    i.vPortEnterCritical  port.o
    0x0800400c   0x00000028   Code   RO         2868    i.vPortExitCritical  port.o
    0x08004034   0x00000080   Code   RO         2807    i.vPortFree         heap_4.o
    0x080040b4   0x00000024   Code   RO         2869    i.vPortSetupTimerInterrupt  port.o
    0x080040d8   0x00000018   Code   RO         2870    i.vPortYield        port.o
    0x080040f0   0x00000044   Code   RO         3214    i.vTaskDelay        tasks.o
    0x08004134   0x0000006c   Code   RO         3225    i.vTaskStartScheduler  tasks.o
    0x080041a0   0x00000010   Code   RO         3227    i.vTaskSuspendAll   tasks.o
    0x080041b0   0x00000080   Code   RO         3228    i.vTaskSwitchContext  tasks.o
    0x08004230   0x00000038   Code   RO         2871    i.xPortStartScheduler  port.o
    0x08004268   0x00000024   Code   RO         2872    i.xPortSysTickHandler  port.o
    0x0800428c   0x0000005c   Code   RO         3230    i.xTaskCreate       tasks.o
    0x080042e8   0x00000024   Code   RO         3234    i.xTaskGetSchedulerState  tasks.o
    0x0800430c   0x0000013c   Code   RO         3237    i.xTaskIncrementTick  tasks.o
    0x08004448   0x000000f0   Code   RO         3243    i.xTaskResumeAll    tasks.o
    0x08004538   0x00000014   Data   RO           21    .constdata          main.o
    0x0800454c   0x00002814   Data   RO          413    .constdata          fonts.o
    0x08006d60   0x00000018   Data   RO         2775    .constdata          system_stm32f0xx.o
    0x08006d78   0x0000000c   Data   RO           22    .conststring        main.o
    0x08006d84   0x00000020   Data   RO         4172    Region$$Table       anon$$obj.o


    Execution Region RW_IRAM1 (Base: 0x20000000, Size: 0x000016c8, Max: 0x00002000, ABSOLUTE)

    Base Addr    Size         Type   Attr      Idx    E Section Name        Object

    0x20000000   0x0000002c   Data   RW           23    .data               main.o
    0x2000002c   0x00000018   Data   RW          414    .data               fonts.o
    0x20000044   0x00000006   Data   RW          443    .data               ssd1306.o
    0x2000004a   0x00000002   PAD
    0x2000004c   0x00000004   Data   RW          510    .data               bmp180.o
    0x20000050   0x00000004   Data   RW          559    .data               bmp180_support.o
    0x20000054   0x00000004   Data   RW         2103    .data               stm32f0xx_hal.o
    0x20000058   0x00000004   Data   RW         2776    .data               system_stm32f0xx.o
    0x2000005c   0x00000018   Data   RW         2812    .data               heap_4.o
    0x20000074   0x00000004   Data   RW         2873    .data               port.o
    0x20000078   0x0000003c   Data   RW         3246    .data               tasks.o
    0x200000b4   0x000000ac   Zero   RW           20    .bss                main.o
    0x20000160   0x00000040   Zero   RW          315    .bss                stm32f0xx_hal_timebase_tim.o
    0x200001a0   0x00000400   Zero   RW          442    .bss                ssd1306.o
    0x200005a0   0x00000034   Zero   RW          558    .bss                bmp180_support.o
    0x200005d4   0x00000c00   Zero   RW         2811    .bss                heap_4.o
    0x200011d4   0x000000f0   Zero   RW         3245    .bss                tasks.o
    0x200012c4   0x00000004   PAD
    0x200012c8   0x00000400   Zero   RW            1    STACK               startup_stm32f030x8.o


==============================================================================

Image component sizes


      Code (inc. data)   RO Data    RW Data    ZI Data      Debug   Object Name

      1200         44          0          4          0      10119   bmp180.o
       232         38          0          4         52       3340   bmp180_support.o
       114          0          0          0          0       7410   cmsis_os.o
       322         26          0          0          0       4214   dht11.o
         0          0      10260         24          0       1074   fonts.o
       640         60          0         24       3072       5907   heap_4.o
       150          0          0          0          0       3334   list.o
      1316        158         32         44        172     281339   main.o
       410         58          0          4          0       7199   port.o
       756         42          0          6       1024       6343   ssd1306.o
        28          8        180          0       1024        620   startup_stm32f030x8.o
        92         14          0          4          0       2992   stm32f0xx_hal.o
       254         30          0          0          0       9483   stm32f0xx_hal_cortex.o
       526         26          0          0          0       2803   stm32f0xx_hal_gpio.o
      1922         26          0          0          0      11194   stm32f0xx_hal_i2c.o
       224          0          0          0          0       1871   stm32f0xx_hal_i2c_ex.o
       292         22          0          0          0       1560   stm32f0xx_hal_msp.o
      2060        108          0          0          0       5470   stm32f0xx_hal_rcc.o
       336         14          0          0          0       1372   stm32f0xx_hal_rcc_ex.o
       712         24          0          0          0       5838   stm32f0xx_hal_tim.o
         4          0          0          0          0       1490   stm32f0xx_hal_tim_ex.o
       140         20          0          0         64       1460   stm32f0xx_hal_timebase_tim.o
        30          6          0          0          0       1674   stm32f0xx_it.o
       116         12         24          4          0       1111   system_stm32f0xx.o
      1758        254          0         60        240      14902   tasks.o

    ----------------------------------------------------------------------
     13652        990      10528        180       5652     394119   Object Totals
         0          0         32          0          0          0   (incl. Generated)
        18          0          0          2          4          0   (incl. Padding)

    ----------------------------------------------------------------------

      Code (inc. data)   RO Data    RW Data    ZI Data      Debug   Library Member Name

         0          0          0          0          0          0   entry.o
         0          0          0          0          0          0   entry10a.o
         0          0          0          0          0          0   entry11a.o
         8          4          0          0          0          0   entry2.o
         4          0          0          0          0          0   entry5.o
         0          0          0          0          0          0   entry7b.o
         0          0          0          0          0          0   entry8b.o
         8          4          0          0          0          0   entry9a.o
        30          0          0          0          0          0   handlers.o
        40          0          0          0          0         72   idiv.o
        36          8          0          0          0         68   init.o
         0          0          0          0          0          0   iusefp.o
        32          0          0          0          0         68   llshl.o
        38          0          0          0          0         68   llsshr.o
        34          0          0          0          0         68   llushr.o
        36          0          0          0          0         60   memcpya.o
        36          0          0          0          0        100   memseta.o
      2270         94          0          0          0        472   printfa.o
        44          0          0          0          0         72   uidiv.o
        96          0          0          0          0         84   uldiv.o
        40          2          0          0          0         68   cdrcmple.o
       356          4          0          0          0        140   dadd.o
       240          6          0          0          0         84   ddiv.o
       236          0          0          0          0        216   depilogue.o
        64         10          0          0          0         68   dfixul.o
        28          4          0          0          0         68   dfltui.o
       208          6          0          0          0         88   dmul.o

    ----------------------------------------------------------------------
      3888        142          0          0          0       1864   Library Totals
         4          0          0          0          0          0   (incl. Padding)

    ----------------------------------------------------------------------

      Code (inc. data)   RO Data    RW Data    ZI Data      Debug   Library Name

      2712        110          0          0          0       1132   mc_p.l
      1172         32          0          0          0        732   mf_p.l

    ----------------------------------------------------------------------
      3888        142          0          0          0       1864   Library Totals

    ----------------------------------------------------------------------

==============================================================================


      Code (inc. data)   RO Data    RW Data    ZI Data      Debug   

     17540       1132      10528        180       5652     389827   Grand Totals
     17540       1132      10528        180       5652     389827   ELF Image Totals
     17540       1132      10528        180          0          0   ROM Totals

==============================================================================

    Total RO  Size (Code + RO Data)                28068 (  27.41kB)
    Total RW  Size (RW Data + ZI Data)              5832 (   5.70kB)
    Total ROM Size (Code + RO Data + RW Data)      28248 (  27.59kB)

==============================================================================

