<html>
<body>
<pre>
<h1>µVision Build Log</h1>
<h2>Tool Versions:</h2>
IDE-Version: ¦ÌVision V5.23.0.0
Copyright (C) 2017 ARM Ltd and ARM Germany GmbH. All rights reserved.
License Information: a a, a, LIC=DSNPC-7QN6Q-GP5ZR-KBEC9-Z9PM4-LPGSE
 
Tool Versions:
Toolchain:       MDK-ARM Professional  Version: 5.23
Toolchain Path:  C:\Keil_v5\ARM\ARMCC\Bin
C Compiler:      Armcc.exe V5.06 update 4 (build 422)
Assembler:       Armasm.exe V5.06 update 4 (build 422)
Linker/Locator:  ArmLink.exe V5.06 update 4 (build 422)
Library Manager: ArmAr.exe V5.06 update 4 (build 422)
Hex Converter:   FromElf.exe V5.06 update 4 (build 422)
CPU DLL:         SARMCM3.DLL V5.23
Dialog DLL:      DARMCM1.DLL V1.17.0.0
Target DLL:      STLink\ST-LINKIII-KEIL_SWO.dll V2.0.18.0
Dialog DLL:      TARMCM1.DLL V1.12.0.0
 
<h2>Project:</h2>
C:\Users\Jun\Desktop\projects\chaibin\chaibin\MDK-ARM\chaibin.uvprojx
Project File Date:  08/21/2018

<h2>Output:</h2>
*** Using Compiler 'V5.06 update 4 (build 422)', folder: 'C:\Keil_v5\ARM\ARMCC\Bin'
Build target 'chaibin'
compiling freertos.c...
assembling startup_stm32f030x8.s...
compiling main.c...
../Src/main.c(420): warning:  #188-D: enumerated type mixed with another type
  			HAL_GPIO_WritePin(
PIOA, 
PIO_PIN_0, 1);
../Src/main.c(424): warning:  #188-D: enumerated type mixed with another type
  			HAL_GPIO_WritePin(
PIOA, 
PIO_PIN_0, 0);
../Src/main.c: 2 warnings, 0 errors
compiling stm32f0xx_hal_msp.c...
compiling stm32f0xx_it.c...
compiling stm32f0xx_hal_timebase_TIM.c...
compiling fonts.c...
compiling dht11.c...
..\Drivers\User\dht11.c(40): warning:  #188-D: enumerated type mixed with another type
      
HT11_OUT_L;
..\Drivers\User\dht11.c(42): warning:  #188-D: enumerated type mixed with another type
      
HT11_OUT_H;
..\Drivers\User\dht11.c(96): warning:  #188-D: enumerated type mixed with another type
          
HT11_OUT_H;
..\Drivers\User\dht11.c: 3 warnings, 0 errors
compiling bmp180.c...
compiling ssd1306.c...
compiling bmp180_support.c...
compiling stm32f0xx_hal_i2c.c...
compiling stm32f0xx_hal_i2c_ex.c...
compiling stm32f0xx_hal_tim_ex.c...
compiling stm32f0xx_hal_rcc.c...
compiling stm32f0xx_hal_tim.c...
compiling stm32f0xx_hal_rcc_ex.c...
compiling stm32f0xx_hal.c...
compiling stm32f0xx_hal_gpio.c...
compiling stm32f0xx_hal_dma.c...
compiling stm32f0xx_hal_cortex.c...
compiling stm32f0xx_hal_pwr.c...
compiling stm32f0xx_hal_pwr_ex.c...
compiling stm32f0xx_hal_flash.c...
compiling stm32f0xx_hal_flash_ex.c...
compiling heap_4.c...
compiling system_stm32f0xx.c...
compiling croutine.c...
compiling event_groups.c...
compiling port.c...
compiling list.c...
compiling queue.c...
compiling timers.c...
compiling tasks.c...
compiling cmsis_os.c...
linking...
Program Size: Code=17540 RO-data=10528 RW-data=180 ZI-data=5652  
FromELF: creating hex file...
"chaibin\chaibin.axf" - 0 Error(s), 5 Warning(s).

<h2>Software Packages used:</h2>

Package Vendor: ARM
                http://www.keil.com/pack/ARM.CMSIS.5.3.0.pack
                ARM::CMSIS:CORE:5.1.1
                CMSIS (Cortex Microcontroller Software Interface Standard)
   * Component: CORE Version: 5.1.1

<h2>Collection of Component include folders:</h2>
  .\RTE\_chaibin
  C:\Keil_v5\ARM\PACK\ARM\CMSIS\5.3.0\CMSIS\Include
  C:\Keil_v5\ARM\PACK\Keil\STM32F0xx_DFP\2.0.0\Drivers\CMSIS\Device\ST\STM32F0xx\Include

<h2>Collection of Component Files used:</h2>

   * Component: ARM::CMSIS:CORE:5.1.1
Build Time Elapsed:  00:00:16
</pre>
</body>
</html>
